<html>
<body>
<pre>
<h1>µVision Build Log</h1>
<h2>Tool Versions:</h2>
IDE-Version: ¦ÌVision V5.14.0.0
Copyright (C) 2015 ARM Ltd and ARM Germany GmbH. All rights reserved.
License Information: lzc Microsoft, Microsoft, LIC=YA301-CNVI2-DKPBN-YV179-M13VG-9ZP7H
 
Tool Versions:
Toolchain:       MDK-ARM Standard  Version: 5.14.0.0
Toolchain Path:  C:\Keil_v5\ARM\ARMCC\Bin
C Compiler:      Armcc.exe V5.05 update 1 (build 106)
Assembler:       Armasm.exe V5.05 update 1 (build 106)
Linker/Locator:  ArmLink.exe V5.05 update 1 (build 106)
Library Manager: ArmAr.exe V5.05 update 1 (build 106)
Hex Converter:   FromElf.exe V5.05 update 1 (build 106)
CPU DLL:         SARMCM3.DLL V5.14.0.0
Dialog DLL:      DCM.DLL V1.13.1.0
Target DLL:      Segger\JL2CM3.dll V2.99.13.0
Dialog DLL:      TCM.DLL V1.14.4.0
 
<h2>Project:</h2>
D:\gitwork\meteorological-monitoring\USER\Template.uvprojx
Project File Date:  09/21/2019

<h2>Output:</h2>
Build target 'Template'
compiling main.c...
compiling stm32f10x_it.c...
compiling comman.c...
compiling gps.c...
compiling sensor.c...
..\HARDWARE\SENSOR\sensor.c(149): warning:  #177-D: variable "wind_direction" was declared but never referenced
        static u8 wind_direction[9] = {0x00,0x00,0x00,0x00,0x00,0x00,0x00,0x00,0x00}; 
..\HARDWARE\SENSOR\sensor.c(150): warning:  #177-D: variable "i" was declared but never referenced
        static u8 i = 0;
..\HARDWARE\SENSOR\sensor.c: 2 warnings, 0 errors
linking...
Program Size: Code=7988 RO-data=408 RW-data=1132 ZI-data=2212  
FromELF: creating hex file...
"..\OBJ\Template.axf" - 0 Error(s), 2 Warning(s).

<h2>Collection of Component include folders:</h2>
  D:\gitwork\meteorological-monitoring\USER\RTE
  C:\Keil_v5\ARM\PACK\Keil\STM32F1xx_DFP\1.0.5\Device\Include

<h2>Collection of Component Files used:</h2>
</pre>
</body>
</html>
