<html>
<body>
<pre>
<h1>µVision Build Log</h1>
<h2>Tool Versions:</h2>
IDE-Version: ¦ÌVision V5.14.0.0
Copyright (C) 2015 ARM Ltd and ARM Germany GmbH. All rights reserved.
License Information: admin Administrator, admin, LIC=14HLQ-NXYRA-CJU6Z-J9ZWI-EPB1I-H6Z5A
 
Tool Versions:
Toolchain:       MDK-ARM Standard  Version: 5.14.0.0
Toolchain Path:  D:\Keil_v5\ARM\ARMCC\Bin
C Compiler:      Armcc.exe V5.05 update 1 (build 106)
Assembler:       Armasm.exe V5.05 update 1 (build 106)
Linker/Locator:  ArmLink.exe V5.05 update 1 (build 106)
Library Manager: ArmAr.exe V5.05 update 1 (build 106)
Hex Converter:   FromElf.exe V5.05 update 1 (build 106)
CPU DLL:         SARMCM3.DLL V5.14.0.0
Dialog DLL:      DCM.DLL V1.13.1.0
Target DLL:      Segger\JL2CM3.dll V2.99.13.0
Dialog DLL:      TCM.DLL V1.14.4.0
 
<h2>Project:</h2>
E:\gitwork\meteorological-monitoring\USER\Template.uvprojx
Project File Date:  09/25/2019

<h2>Output:</h2>
Build target 'Template'
compiling main.c...
..\HARDWARE\BATTERY\battery.h(5): warning:  #1295-D: Deprecated declaration battery_init - give arg types
  extern void battery_init();
..\HARDWARE\BATTERY\battery.h(6): warning:  #1295-D: Deprecated declaration battery_read - give arg types
  extern int battery_read();
main.c: 2 warnings, 0 errors
linking...
Program Size: Code=12612 RO-data=408 RW-data=1212 ZI-data=2204  
FromELF: creating hex file...
"..\OBJ\Template.axf" - 0 Error(s), 2 Warning(s).

<h2>Collection of Component include folders:</h2>
  E:\gitwork\meteorological-monitoring\USER\RTE
  D:\Keil_v5\ARM\PACK\Keil\STM32F1xx_DFP\1.0.5\Device\Include

<h2>Collection of Component Files used:</h2>
</pre>
</body>
</html>
