Component: ARM Compiler 5.05 update 1 (build 106) Tool: armlink [4d0efa]

==============================================================================

Section Cross References

    main.o(.text) refers to stm32f10x_iwdg.o(.text) for IWDG_WriteAccessCmd
    main.o(.text) refers to delay.o(.text) for delay_init
    main.o(.text) refers to sys.o(.text) for NVIC_Configuration
    main.o(.text) refers to gps.o(.text) for gps_init
    main.o(.text) refers to sensor.o(.text) for sensor_init
    main.o(.text) refers to display.o(.text) for display_init
    main.o(.text) refers to gateway.o(.text) for gateway_Init
    main.o(.text) refers to battery.o(.text) for battery_init
    main.o(.text) refers to comman.o(.text) for inttohex_four
    main.o(.text) refers to comman.o(.data) for led_init_cmd
    main.o(.text) refers to main.o(.data) for g_gewei
    main.o(.text) refers to sensor.o(.data) for g_box_temp
    main.o(.text) refers to gps.o(.bss) for jingdu
    system_stm32f10x.o(.text) refers to system_stm32f10x.o(.data) for SystemCoreClock
    comman.o(.text) refers to comman.o(.data) for tabel_CRC16
    led.o(.text) refers to stm32f10x_rcc.o(.text) for RCC_APB2PeriphClockCmd
    led.o(.text) refers to stm32f10x_gpio.o(.text) for GPIO_Init
    key.o(.text) refers to stm32f10x_rcc.o(.text) for RCC_APB2PeriphClockCmd
    key.o(.text) refers to stm32f10x_gpio.o(.text) for GPIO_Init
    stmflash.o(.text) refers to stm32f10x_flash.o(.text) for FLASH_ProgramHalfWord
    stmflash.o(.text) refers to stmflash.o(.bss) for STMFLASH_BUF
    myiic.o(.text) refers to stm32f10x_rcc.o(.text) for RCC_APB1PeriphClockCmd
    myiic.o(.text) refers to stm32f10x_gpio.o(.text) for GPIO_Init
    myiic.o(.text) refers to stm32f10x_i2c.o(.text) for I2C_Init
    myiic.o(.text) refers to misc.o(.text) for NVIC_Init
    myiic.o(.text) refers to myiic.o(.bss) for compass_data
    myiic.o(.text) refers to myiic.o(.data) for data
    gps.o(.text) refers to stm32f10x_rcc.o(.text) for RCC_APB2PeriphClockCmd
    gps.o(.text) refers to stm32f10x_gpio.o(.text) for GPIO_Init
    gps.o(.text) refers to misc.o(.text) for NVIC_PriorityGroupConfig
    gps.o(.text) refers to stm32f10x_usart.o(.text) for USART_Init
    gps.o(.text) refers to gps.o(.data) for qxwz_tranFlag
    gps.o(.text) refers to gps.o(.bss) for qxwz_RxBuffer
    gps.o(.data) refers to gps.o(.conststring) for .conststring
    display.o(.text) refers to stm32f10x_rcc.o(.text) for RCC_APB1PeriphClockCmd
    display.o(.text) refers to stm32f10x_gpio.o(.text) for GPIO_Init
    display.o(.text) refers to misc.o(.text) for NVIC_PriorityGroupConfig
    display.o(.text) refers to stm32f10x_usart.o(.text) for USART_Init
    display.o(.text) refers to delay.o(.text) for delay_ms
    sensor.o(.text) refers to stm32f10x_rcc.o(.text) for RCC_APB1PeriphClockCmd
    sensor.o(.text) refers to stm32f10x_gpio.o(.text) for GPIO_Init
    sensor.o(.text) refers to misc.o(.text) for NVIC_PriorityGroupConfig
    sensor.o(.text) refers to stm32f10x_usart.o(.text) for USART_Init
    sensor.o(.text) refers to delay.o(.text) for delay_ms
    sensor.o(.text) refers to sensor.o(.bss) for USART3_RX_BUF
    sensor.o(.text) refers to sensor.o(.data) for USART3_RX_CNT
    gateway.o(.text) refers to stm32f10x_rcc.o(.text) for RCC_APB2PeriphClockCmd
    gateway.o(.text) refers to stm32f10x_gpio.o(.text) for GPIO_Init
    gateway.o(.text) refers to misc.o(.text) for NVIC_PriorityGroupConfig
    gateway.o(.text) refers to stm32f10x_usart.o(.text) for USART_Init
    battery.o(.text) refers to stm32f10x_rcc.o(.text) for RCC_APB2PeriphClockCmd
    battery.o(.text) refers to stm32f10x_gpio.o(.text) for GPIO_Init
    battery.o(.text) refers to stm32f10x_adc.o(.text) for ADC_Init
    battery.o(.text) refers to dflt_clz.o(x$fpl$dfltu) for __aeabi_ui2d
    battery.o(.text) refers to ddiv.o(x$fpl$ddiv) for __aeabi_ddiv
    battery.o(.text) refers to dfix.o(x$fpl$dfix) for __aeabi_d2iz
    delay.o(.text) refers to misc.o(.text) for SysTick_CLKSourceConfig
    delay.o(.text) refers to system_stm32f10x.o(.data) for SystemCoreClock
    delay.o(.text) refers to delay.o(.data) for fac_us
    sys.o(.text) refers to misc.o(.text) for NVIC_PriorityGroupConfig
    startup_stm32f10x_hd.o(STACK) refers (Special) to heapauxi.o(.text) for __use_two_region_memory
    startup_stm32f10x_hd.o(HEAP) refers (Special) to heapauxi.o(.text) for __use_two_region_memory
    startup_stm32f10x_hd.o(RESET) refers (Special) to heapauxi.o(.text) for __use_two_region_memory
    startup_stm32f10x_hd.o(RESET) refers to startup_stm32f10x_hd.o(STACK) for __initial_sp
    startup_stm32f10x_hd.o(RESET) refers to startup_stm32f10x_hd.o(.text) for Reset_Handler
    startup_stm32f10x_hd.o(RESET) refers to stm32f10x_it.o(.text) for NMI_Handler
    startup_stm32f10x_hd.o(RESET) refers to myiic.o(.text) for I2C1_EV_IRQHandler
    startup_stm32f10x_hd.o(RESET) refers to gateway.o(.text) for USART1_IRQHandler
    startup_stm32f10x_hd.o(RESET) refers to gps.o(.text) for USART2_IRQHandler
    startup_stm32f10x_hd.o(RESET) refers to sensor.o(.text) for USART3_IRQHandler
    startup_stm32f10x_hd.o(RESET) refers to display.o(.text) for UART4_IRQHandler
    startup_stm32f10x_hd.o(.text) refers (Special) to heapauxi.o(.text) for __use_two_region_memory
    startup_stm32f10x_hd.o(.text) refers to system_stm32f10x.o(.text) for SystemInit
    startup_stm32f10x_hd.o(.text) refers to __main.o(!!!main) for __main
    startup_stm32f10x_hd.o(.text) refers to startup_stm32f10x_hd.o(HEAP) for Heap_Mem
    startup_stm32f10x_hd.o(.text) refers to startup_stm32f10x_hd.o(STACK) for Stack_Mem
    stm32f10x_adc.o(.text) refers to stm32f10x_rcc.o(.text) for RCC_APB2PeriphResetCmd
    stm32f10x_bkp.o(.text) refers to stm32f10x_rcc.o(.text) for RCC_BackupResetCmd
    stm32f10x_can.o(.text) refers to stm32f10x_rcc.o(.text) for RCC_APB1PeriphResetCmd
    stm32f10x_cec.o(.text) refers to stm32f10x_rcc.o(.text) for RCC_APB1PeriphResetCmd
    stm32f10x_dac.o(.text) refers to stm32f10x_rcc.o(.text) for RCC_APB1PeriphResetCmd
    stm32f10x_gpio.o(.text) refers to stm32f10x_rcc.o(.text) for RCC_APB2PeriphResetCmd
    stm32f10x_i2c.o(.text) refers to stm32f10x_rcc.o(.text) for RCC_APB1PeriphResetCmd
    stm32f10x_pwr.o(.text) refers to stm32f10x_rcc.o(.text) for RCC_APB1PeriphResetCmd
    stm32f10x_rcc.o(.text) refers to stm32f10x_rcc.o(.data) for APBAHBPrescTable
    stm32f10x_spi.o(.text) refers to stm32f10x_rcc.o(.text) for RCC_APB2PeriphResetCmd
    stm32f10x_tim.o(.text) refers to stm32f10x_rcc.o(.text) for RCC_APB2PeriphResetCmd
    stm32f10x_usart.o(.text) refers to stm32f10x_rcc.o(.text) for RCC_APB2PeriphResetCmd
    stm32f10x_wwdg.o(.text) refers to stm32f10x_rcc.o(.text) for RCC_APB1PeriphResetCmd
    __main.o(!!!main) refers to __rtentry.o(.ARM.Collect$$rtentry$$00000000) for __rt_entry
    ddiv.o(x$fpl$drdiv) refers (Special) to usenofp.o(x$fpl$usenofp) for __I$use$fp
    ddiv.o(x$fpl$drdiv) refers to ddiv.o(x$fpl$ddiv) for ddiv_entry
    ddiv.o(x$fpl$ddiv) refers (Special) to usenofp.o(x$fpl$usenofp) for __I$use$fp
    ddiv.o(x$fpl$ddiv) refers to dretinf.o(x$fpl$dretinf) for __fpl_dretinf
    ddiv.o(x$fpl$ddiv) refers to dnaninf.o(x$fpl$dnaninf) for __fpl_dnaninf
    dfix.o(x$fpl$dfix) refers (Special) to usenofp.o(x$fpl$usenofp) for __I$use$fp
    dfix.o(x$fpl$dfix) refers to dnaninf.o(x$fpl$dnaninf) for __fpl_dnaninf
    dfix.o(x$fpl$dfixr) refers (Special) to usenofp.o(x$fpl$usenofp) for __I$use$fp
    dfix.o(x$fpl$dfixr) refers to dnaninf.o(x$fpl$dnaninf) for __fpl_dnaninf
    dflt_clz.o(x$fpl$dfltu) refers (Special) to usenofp.o(x$fpl$usenofp) for __I$use$fp
    dflt_clz.o(x$fpl$dflt) refers (Special) to usenofp.o(x$fpl$usenofp) for __I$use$fp
    dflt_clz.o(x$fpl$dfltn) refers (Special) to usenofp.o(x$fpl$usenofp) for __I$use$fp
    __rtentry.o(.ARM.Collect$$rtentry$$00000000) refers (Special) to __rtentry2.o(.ARM.Collect$$rtentry$$0000000A) for __rt_entry_li
    __rtentry.o(.ARM.Collect$$rtentry$$00000000) refers (Special) to __rtentry2.o(.ARM.Collect$$rtentry$$0000000D) for __rt_entry_main
    __rtentry.o(.ARM.Collect$$rtentry$$00000000) refers (Special) to __rtentry2.o(.ARM.Collect$$rtentry$$0000000C) for __rt_entry_postli_1
    __rtentry.o(.ARM.Collect$$rtentry$$00000000) refers (Special) to __rtentry2.o(.ARM.Collect$$rtentry$$00000009) for __rt_entry_postsh_1
    __rtentry.o(.ARM.Collect$$rtentry$$00000000) refers (Special) to __rtentry2.o(.ARM.Collect$$rtentry$$00000002) for __rt_entry_presh_1
    __rtentry.o(.ARM.Collect$$rtentry$$00000000) refers (Special) to __rtentry4.o(.ARM.Collect$$rtentry$$00000004) for __rt_entry_sh
    dnaninf.o(x$fpl$dnaninf) refers (Special) to usenofp.o(x$fpl$usenofp) for __I$use$fp
    dretinf.o(x$fpl$dretinf) refers (Special) to usenofp.o(x$fpl$usenofp) for __I$use$fp
    __rtentry2.o(.ARM.Collect$$rtentry$$00000008) refers to boardinit2.o(.text) for _platform_post_stackheap_init
    __rtentry2.o(.ARM.Collect$$rtentry$$0000000A) refers to libinit.o(.ARM.Collect$$libinit$$00000000) for __rt_lib_init
    __rtentry2.o(.ARM.Collect$$rtentry$$0000000B) refers to boardinit3.o(.text) for _platform_post_lib_init
    __rtentry2.o(.ARM.Collect$$rtentry$$0000000D) refers to main.o(.text) for main
    __rtentry2.o(.ARM.Collect$$rtentry$$0000000D) refers to exit.o(.text) for exit
    __rtentry2.o(.ARM.exidx) refers to __rtentry2.o(.ARM.Collect$$rtentry$$00000001) for .ARM.Collect$$rtentry$$00000001
    __rtentry2.o(.ARM.exidx) refers to __rtentry2.o(.ARM.Collect$$rtentry$$00000008) for .ARM.Collect$$rtentry$$00000008
    __rtentry2.o(.ARM.exidx) refers to __rtentry2.o(.ARM.Collect$$rtentry$$0000000A) for .ARM.Collect$$rtentry$$0000000A
    __rtentry2.o(.ARM.exidx) refers to __rtentry2.o(.ARM.Collect$$rtentry$$0000000B) for .ARM.Collect$$rtentry$$0000000B
    __rtentry2.o(.ARM.exidx) refers to __rtentry2.o(.ARM.Collect$$rtentry$$0000000D) for .ARM.Collect$$rtentry$$0000000D
    __rtentry4.o(.ARM.Collect$$rtentry$$00000004) refers to sys_stackheap_outer.o(.text) for __user_setup_stackheap
    __rtentry4.o(.ARM.exidx) refers to __rtentry4.o(.ARM.Collect$$rtentry$$00000004) for .ARM.Collect$$rtentry$$00000004
    sys_stackheap_outer.o(.text) refers to libspace.o(.text) for __user_perproc_libspace
    sys_stackheap_outer.o(.text) refers to startup_stm32f10x_hd.o(.text) for __user_initial_stackheap
    exit.o(.text) refers to rtexit.o(.ARM.Collect$$rtexit$$00000000) for __rt_exit
    libinit.o(.ARM.Collect$$libinit$$00000000) refers (Special) to libinit2.o(.ARM.Collect$$libinit$$0000002E) for __rt_lib_init_alloca_1
    libinit.o(.ARM.Collect$$libinit$$00000000) refers (Special) to libinit2.o(.ARM.Collect$$libinit$$0000002C) for __rt_lib_init_argv_1
    libinit.o(.ARM.Collect$$libinit$$00000000) refers (Special) to libinit2.o(.ARM.Collect$$libinit$$0000001B) for __rt_lib_init_atexit_1
    libinit.o(.ARM.Collect$$libinit$$00000000) refers (Special) to libinit2.o(.ARM.Collect$$libinit$$00000021) for __rt_lib_init_clock_1
    libinit.o(.ARM.Collect$$libinit$$00000000) refers (Special) to libinit2.o(.ARM.Collect$$libinit$$00000032) for __rt_lib_init_cpp_1
    libinit.o(.ARM.Collect$$libinit$$00000000) refers (Special) to libinit2.o(.ARM.Collect$$libinit$$00000030) for __rt_lib_init_exceptions_1
    libinit.o(.ARM.Collect$$libinit$$00000000) refers (Special) to libinit2.o(.ARM.Collect$$libinit$$00000002) for __rt_lib_init_fp_1
    libinit.o(.ARM.Collect$$libinit$$00000000) refers (Special) to libinit2.o(.ARM.Collect$$libinit$$0000001F) for __rt_lib_init_fp_trap_1
    libinit.o(.ARM.Collect$$libinit$$00000000) refers (Special) to libinit2.o(.ARM.Collect$$libinit$$00000023) for __rt_lib_init_getenv_1
    libinit.o(.ARM.Collect$$libinit$$00000000) refers (Special) to libinit2.o(.ARM.Collect$$libinit$$0000000A) for __rt_lib_init_heap_1
    libinit.o(.ARM.Collect$$libinit$$00000000) refers (Special) to libinit2.o(.ARM.Collect$$libinit$$00000011) for __rt_lib_init_lc_collate_1
    libinit.o(.ARM.Collect$$libinit$$00000000) refers (Special) to libinit2.o(.ARM.Collect$$libinit$$00000013) for __rt_lib_init_lc_ctype_1
    libinit.o(.ARM.Collect$$libinit$$00000000) refers (Special) to libinit2.o(.ARM.Collect$$libinit$$00000015) for __rt_lib_init_lc_monetary_1
    libinit.o(.ARM.Collect$$libinit$$00000000) refers (Special) to libinit2.o(.ARM.Collect$$libinit$$00000017) for __rt_lib_init_lc_numeric_1
    libinit.o(.ARM.Collect$$libinit$$00000000) refers (Special) to libinit2.o(.ARM.Collect$$libinit$$00000019) for __rt_lib_init_lc_time_1
    libinit.o(.ARM.Collect$$libinit$$00000000) refers (Special) to libinit2.o(.ARM.Collect$$libinit$$00000004) for __rt_lib_init_preinit_1
    libinit.o(.ARM.Collect$$libinit$$00000000) refers (Special) to libinit2.o(.ARM.Collect$$libinit$$0000000E) for __rt_lib_init_rand_1
    libinit.o(.ARM.Collect$$libinit$$00000000) refers (Special) to libinit2.o(.ARM.Collect$$libinit$$00000033) for __rt_lib_init_return
    libinit.o(.ARM.Collect$$libinit$$00000000) refers (Special) to libinit2.o(.ARM.Collect$$libinit$$0000001D) for __rt_lib_init_signal_1
    libinit.o(.ARM.Collect$$libinit$$00000000) refers (Special) to libinit2.o(.ARM.Collect$$libinit$$00000025) for __rt_lib_init_stdio_1
    libinit.o(.ARM.Collect$$libinit$$00000000) refers (Special) to libinit2.o(.ARM.Collect$$libinit$$0000000C) for __rt_lib_init_user_alloc_1
    libspace.o(.text) refers to libspace.o(.bss) for __libspace_start
    rtexit.o(.ARM.Collect$$rtexit$$00000000) refers (Special) to rtexit2.o(.ARM.Collect$$rtexit$$00000004) for __rt_exit_exit
    rtexit.o(.ARM.Collect$$rtexit$$00000000) refers (Special) to rtexit2.o(.ARM.Collect$$rtexit$$00000003) for __rt_exit_ls
    rtexit.o(.ARM.Collect$$rtexit$$00000000) refers (Special) to rtexit2.o(.ARM.Collect$$rtexit$$00000002) for __rt_exit_prels_1
    rtexit.o(.ARM.exidx) refers (Special) to rtexit2.o(.ARM.Collect$$rtexit$$00000004) for __rt_exit_exit
    rtexit.o(.ARM.exidx) refers (Special) to rtexit2.o(.ARM.Collect$$rtexit$$00000003) for __rt_exit_ls
    rtexit.o(.ARM.exidx) refers (Special) to rtexit2.o(.ARM.Collect$$rtexit$$00000002) for __rt_exit_prels_1
    rtexit.o(.ARM.exidx) refers to rtexit.o(.ARM.Collect$$rtexit$$00000000) for .ARM.Collect$$rtexit$$00000000
    libinit2.o(.ARM.Collect$$libinit$$00000010) refers to libinit2.o(.ARM.Collect$$libinit$$0000000F) for .ARM.Collect$$libinit$$0000000F
    libinit2.o(.ARM.Collect$$libinit$$00000012) refers to libinit2.o(.ARM.Collect$$libinit$$0000000F) for .ARM.Collect$$libinit$$0000000F
    libinit2.o(.ARM.Collect$$libinit$$00000014) refers to libinit2.o(.ARM.Collect$$libinit$$0000000F) for .ARM.Collect$$libinit$$0000000F
    libinit2.o(.ARM.Collect$$libinit$$00000016) refers to libinit2.o(.ARM.Collect$$libinit$$0000000F) for .ARM.Collect$$libinit$$0000000F
    libinit2.o(.ARM.Collect$$libinit$$00000018) refers to libinit2.o(.ARM.Collect$$libinit$$0000000F) for .ARM.Collect$$libinit$$0000000F
    libinit2.o(.ARM.Collect$$libinit$$00000026) refers to argv_veneer.o(.emb_text) for __ARM_argv_veneer
    libinit2.o(.ARM.Collect$$libinit$$00000027) refers to argv_veneer.o(.emb_text) for __ARM_argv_veneer
    rtexit2.o(.ARM.Collect$$rtexit$$00000003) refers to libshutdown.o(.ARM.Collect$$libshutdown$$00000000) for __rt_lib_shutdown
    rtexit2.o(.ARM.Collect$$rtexit$$00000004) refers to sys_exit.o(.text) for _sys_exit
    rtexit2.o(.ARM.exidx) refers to rtexit2.o(.ARM.Collect$$rtexit$$00000001) for .ARM.Collect$$rtexit$$00000001
    rtexit2.o(.ARM.exidx) refers to rtexit2.o(.ARM.Collect$$rtexit$$00000003) for .ARM.Collect$$rtexit$$00000003
    rtexit2.o(.ARM.exidx) refers to rtexit2.o(.ARM.Collect$$rtexit$$00000004) for .ARM.Collect$$rtexit$$00000004
    argv_veneer.o(.emb_text) refers to no_argv.o(.text) for __ARM_get_argv
    sys_exit.o(.text) refers (Special) to use_no_semi.o(.text) for __I$use$semihosting
    sys_exit.o(.text) refers (Special) to indicate_semi.o(.text) for __semihosting_library_function
    _get_argv_nomalloc.o(.text) refers (Special) to hrguard.o(.text) for __heap_region$guard
    _get_argv_nomalloc.o(.text) refers to defsig_rtmem_outer.o(.text) for __rt_SIGRTMEM
    _get_argv_nomalloc.o(.text) refers to sys_command.o(.text) for _sys_command_string
    libshutdown.o(.ARM.Collect$$libshutdown$$00000000) refers (Special) to libshutdown2.o(.ARM.Collect$$libshutdown$$00000006) for __rt_lib_shutdown_fp_trap_1
    libshutdown.o(.ARM.Collect$$libshutdown$$00000000) refers (Special) to libshutdown2.o(.ARM.Collect$$libshutdown$$0000000E) for __rt_lib_shutdown_heap_1
    libshutdown.o(.ARM.Collect$$libshutdown$$00000000) refers (Special) to libshutdown2.o(.ARM.Collect$$libshutdown$$0000000F) for __rt_lib_shutdown_return
    libshutdown.o(.ARM.Collect$$libshutdown$$00000000) refers (Special) to libshutdown2.o(.ARM.Collect$$libshutdown$$00000009) for __rt_lib_shutdown_signal_1
    libshutdown.o(.ARM.Collect$$libshutdown$$00000000) refers (Special) to libshutdown2.o(.ARM.Collect$$libshutdown$$00000003) for __rt_lib_shutdown_stdio_1
    libshutdown.o(.ARM.Collect$$libshutdown$$00000000) refers (Special) to libshutdown2.o(.ARM.Collect$$libshutdown$$0000000B) for __rt_lib_shutdown_user_alloc_1
    sys_command.o(.text) refers (Special) to use_no_semi.o(.text) for __I$use$semihosting
    sys_command.o(.text) refers (Special) to indicate_semi.o(.text) for __semihosting_library_function
    defsig_rtmem_outer.o(.text) refers to defsig_rtmem_inner.o(.text) for __rt_SIGRTMEM_inner
    defsig_rtmem_outer.o(.text) refers to defsig_exit.o(.text) for __sig_exit
    defsig_rtmem_formal.o(.text) refers to rt_raise.o(.text) for __rt_raise
    rt_raise.o(.text) refers to __raise.o(.text) for __raise
    rt_raise.o(.text) refers to sys_exit.o(.text) for _sys_exit
    defsig_exit.o(.text) refers to sys_exit.o(.text) for _sys_exit
    defsig_rtmem_inner.o(.text) refers to defsig_general.o(.text) for __default_signal_display
    __raise.o(.text) refers to defsig.o(CL$$defsig) for __default_signal_handler
    defsig_general.o(.text) refers to sys_wrch.o(.text) for _ttywrch
    sys_wrch.o(.text) refers (Special) to use_no_semi.o(.text) for __I$use$semihosting
    sys_wrch.o(.text) refers (Special) to indicate_semi.o(.text) for __semihosting_library_function
    defsig.o(CL$$defsig) refers to defsig_rtmem_inner.o(.text) for __rt_SIGRTMEM_inner
    defsig_abrt_inner.o(.text) refers to defsig_general.o(.text) for __default_signal_display
    defsig_fpe_inner.o(.text) refers to defsig_general.o(.text) for __default_signal_display
    defsig_rtred_inner.o(.text) refers to defsig_general.o(.text) for __default_signal_display
    defsig_stak_inner.o(.text) refers to defsig_general.o(.text) for __default_signal_display
    defsig_pvfn_inner.o(.text) refers to defsig_general.o(.text) for __default_signal_display
    defsig_cppl_inner.o(.text) refers to defsig_general.o(.text) for __default_signal_display
    defsig_segv_inner.o(.text) refers to defsig_general.o(.text) for __default_signal_display
    defsig_other.o(.text) refers to defsig_general.o(.text) for __default_signal_display


==============================================================================

Removing Unused input sections from the image.

    Removing comman.o(.bss), (10 bytes).
    Removing led.o(.text), (100 bytes).
    Removing key.o(.text), (96 bytes).
    Removing stmflash.o(.text), (324 bytes).
    Removing stmflash.o(.bss), (1024 bytes).
    Removing core_cm3.o(.emb_text), (32 bytes).
    Removing stm32f10x_bkp.o(.text), (196 bytes).
    Removing stm32f10x_can.o(.text), (2544 bytes).
    Removing stm32f10x_cec.o(.text), (288 bytes).
    Removing stm32f10x_crc.o(.text), (72 bytes).
    Removing stm32f10x_dac.o(.text), (396 bytes).
    Removing stm32f10x_dbgmcu.o(.text), (48 bytes).
    Removing stm32f10x_dma.o(.text), (596 bytes).
    Removing stm32f10x_exti.o(.text), (284 bytes).
    Removing stm32f10x_flash.o(.text), (1468 bytes).
    Removing stm32f10x_fsmc.o(.text), (1548 bytes).
    Removing stm32f10x_pwr.o(.text), (204 bytes).
    Removing stm32f10x_rtc.o(.text), (328 bytes).
    Removing stm32f10x_sdio.o(.text), (468 bytes).
    Removing stm32f10x_spi.o(.text), (780 bytes).
    Removing stm32f10x_tim.o(.text), (3610 bytes).
    Removing stm32f10x_wwdg.o(.text), (136 bytes).

22 unused section(s) (total 14552 bytes) removed from the image.

==============================================================================

Image Symbol Table

    Local Symbols

    Symbol Name                              Value     Ov Type        Size  Object(Section)

    ../clib/angel/boardlib.s                 0x00000000   Number         0  boardinit1.o ABSOLUTE
    ../clib/angel/boardlib.s                 0x00000000   Number         0  boardinit2.o ABSOLUTE
    ../clib/angel/boardlib.s                 0x00000000   Number         0  boardinit3.o ABSOLUTE
    ../clib/angel/boardlib.s                 0x00000000   Number         0  boardshut.o ABSOLUTE
    ../clib/angel/dczerorl2.s                0x00000000   Number         0  __dczerorl2.o ABSOLUTE
    ../clib/angel/handlers.s                 0x00000000   Number         0  __scatter_zi.o ABSOLUTE
    ../clib/angel/kernel.s                   0x00000000   Number         0  rtexit2.o ABSOLUTE
    ../clib/angel/kernel.s                   0x00000000   Number         0  __rtentry.o ABSOLUTE
    ../clib/angel/kernel.s                   0x00000000   Number         0  rtexit.o ABSOLUTE
    ../clib/angel/kernel.s                   0x00000000   Number         0  __rtentry2.o ABSOLUTE
    ../clib/angel/kernel.s                   0x00000000   Number         0  __rtentry4.o ABSOLUTE
    ../clib/angel/rt.s                       0x00000000   Number         0  rt_raise.o ABSOLUTE
    ../clib/angel/scatter.s                  0x00000000   Number         0  __scatter.o ABSOLUTE
    ../clib/angel/startup.s                  0x00000000   Number         0  __main.o ABSOLUTE
    ../clib/angel/sys.s                      0x00000000   Number         0  libspace.o ABSOLUTE
    ../clib/angel/sys.s                      0x00000000   Number         0  use_no_semi.o ABSOLUTE
    ../clib/angel/sys.s                      0x00000000   Number         0  indicate_semi.o ABSOLUTE
    ../clib/angel/sys.s                      0x00000000   Number         0  sys_stackheap_outer.o ABSOLUTE
    ../clib/angel/sysapp.c                   0x00000000   Number         0  sys_wrch.o ABSOLUTE
    ../clib/angel/sysapp.c                   0x00000000   Number         0  sys_command.o ABSOLUTE
    ../clib/angel/sysapp.c                   0x00000000   Number         0  sys_exit.o ABSOLUTE
    ../clib/armsys.c                         0x00000000   Number         0  no_argv.o ABSOLUTE
    ../clib/armsys.c                         0x00000000   Number         0  _get_argv_nomalloc.o ABSOLUTE
    ../clib/armsys.c                         0x00000000   Number         0  argv_veneer.o ABSOLUTE
    ../clib/armsys.c                         0x00000000   Number         0  argv_veneer.o ABSOLUTE
    ../clib/heapalloc.c                      0x00000000   Number         0  hrguard.o ABSOLUTE
    ../clib/heapaux.c                        0x00000000   Number         0  heapauxi.o ABSOLUTE
    ../clib/libinit.s                        0x00000000   Number         0  libshutdown.o ABSOLUTE
    ../clib/libinit.s                        0x00000000   Number         0  libshutdown2.o ABSOLUTE
    ../clib/libinit.s                        0x00000000   Number         0  libinit.o ABSOLUTE
    ../clib/libinit.s                        0x00000000   Number         0  libinit2.o ABSOLUTE
    ../clib/signal.c                         0x00000000   Number         0  defsig_segv_inner.o ABSOLUTE
    ../clib/signal.c                         0x00000000   Number         0  defsig_general.o ABSOLUTE
    ../clib/signal.c                         0x00000000   Number         0  __raise.o ABSOLUTE
    ../clib/signal.c                         0x00000000   Number         0  defsig_rtmem_inner.o ABSOLUTE
    ../clib/signal.c                         0x00000000   Number         0  defsig_exit.o ABSOLUTE
    ../clib/signal.c                         0x00000000   Number         0  defsig_rtred_inner.o ABSOLUTE
    ../clib/signal.c                         0x00000000   Number         0  defsig_fpe_inner.o ABSOLUTE
    ../clib/signal.c                         0x00000000   Number         0  defsig_rtmem_formal.o ABSOLUTE
    ../clib/signal.c                         0x00000000   Number         0  defsig_rtmem_outer.o ABSOLUTE
    ../clib/signal.c                         0x00000000   Number         0  defsig_stak_inner.o ABSOLUTE
    ../clib/signal.c                         0x00000000   Number         0  defsig_pvfn_inner.o ABSOLUTE
    ../clib/signal.c                         0x00000000   Number         0  defsig_cppl_inner.o ABSOLUTE
    ../clib/signal.c                         0x00000000   Number         0  defsig_abrt_inner.o ABSOLUTE
    ../clib/signal.c                         0x00000000   Number         0  defsig_other.o ABSOLUTE
    ../clib/signal.s                         0x00000000   Number         0  defsig.o ABSOLUTE
    ../clib/stdlib.c                         0x00000000   Number         0  exit.o ABSOLUTE
    ../fplib/ddiv.s                          0x00000000   Number         0  ddiv.o ABSOLUTE
    ../fplib/dfix.s                          0x00000000   Number         0  dfix.o ABSOLUTE
    ../fplib/dflt.s                          0x00000000   Number         0  dflt_clz.o ABSOLUTE
    ../fplib/dnaninf.s                       0x00000000   Number         0  dnaninf.o ABSOLUTE
    ../fplib/dretinf.s                       0x00000000   Number         0  dretinf.o ABSOLUTE
    ../fplib/fpinit.s                        0x00000000   Number         0  fpinit.o ABSOLUTE
    ../fplib/usenofp.s                       0x00000000   Number         0  usenofp.o ABSOLUTE
    ..\CORE\core_cm3.c                       0x00000000   Number         0  core_cm3.o ABSOLUTE
    ..\CORE\startup_stm32f10x_hd.s           0x00000000   Number         0  startup_stm32f10x_hd.o ABSOLUTE
    ..\HARDWARE\BATTERY\battery.c            0x00000000   Number         0  battery.o ABSOLUTE
    ..\HARDWARE\DISPLAY\display.c            0x00000000   Number         0  display.o ABSOLUTE
    ..\HARDWARE\GATEWAY\gateway.c            0x00000000   Number         0  gateway.o ABSOLUTE
    ..\HARDWARE\GPS\gps.c                    0x00000000   Number         0  gps.o ABSOLUTE
    ..\HARDWARE\IIC\myiic.c                  0x00000000   Number         0  myiic.o ABSOLUTE
    ..\HARDWARE\KEY\key.c                    0x00000000   Number         0  key.o ABSOLUTE
    ..\HARDWARE\LED\led.c                    0x00000000   Number         0  led.o ABSOLUTE
    ..\HARDWARE\SENSOR\sensor.c              0x00000000   Number         0  sensor.o ABSOLUTE
    ..\HARDWARE\STMFLASH\stmflash.c          0x00000000   Number         0  stmflash.o ABSOLUTE
    ..\STM32F10x_FWLib\src\misc.c            0x00000000   Number         0  misc.o ABSOLUTE
    ..\STM32F10x_FWLib\src\stm32f10x_adc.c   0x00000000   Number         0  stm32f10x_adc.o ABSOLUTE
    ..\STM32F10x_FWLib\src\stm32f10x_bkp.c   0x00000000   Number         0  stm32f10x_bkp.o ABSOLUTE
    ..\STM32F10x_FWLib\src\stm32f10x_can.c   0x00000000   Number         0  stm32f10x_can.o ABSOLUTE
    ..\STM32F10x_FWLib\src\stm32f10x_cec.c   0x00000000   Number         0  stm32f10x_cec.o ABSOLUTE
    ..\STM32F10x_FWLib\src\stm32f10x_crc.c   0x00000000   Number         0  stm32f10x_crc.o ABSOLUTE
    ..\STM32F10x_FWLib\src\stm32f10x_dac.c   0x00000000   Number         0  stm32f10x_dac.o ABSOLUTE
    ..\STM32F10x_FWLib\src\stm32f10x_dbgmcu.c 0x00000000   Number         0  stm32f10x_dbgmcu.o ABSOLUTE
    ..\STM32F10x_FWLib\src\stm32f10x_dma.c   0x00000000   Number         0  stm32f10x_dma.o ABSOLUTE
    ..\STM32F10x_FWLib\src\stm32f10x_exti.c  0x00000000   Number         0  stm32f10x_exti.o ABSOLUTE
    ..\STM32F10x_FWLib\src\stm32f10x_flash.c 0x00000000   Number         0  stm32f10x_flash.o ABSOLUTE
    ..\STM32F10x_FWLib\src\stm32f10x_fsmc.c  0x00000000   Number         0  stm32f10x_fsmc.o ABSOLUTE
    ..\STM32F10x_FWLib\src\stm32f10x_gpio.c  0x00000000   Number         0  stm32f10x_gpio.o ABSOLUTE
    ..\STM32F10x_FWLib\src\stm32f10x_i2c.c   0x00000000   Number         0  stm32f10x_i2c.o ABSOLUTE
    ..\STM32F10x_FWLib\src\stm32f10x_iwdg.c  0x00000000   Number         0  stm32f10x_iwdg.o ABSOLUTE
    ..\STM32F10x_FWLib\src\stm32f10x_pwr.c   0x00000000   Number         0  stm32f10x_pwr.o ABSOLUTE
    ..\STM32F10x_FWLib\src\stm32f10x_rcc.c   0x00000000   Number         0  stm32f10x_rcc.o ABSOLUTE
    ..\STM32F10x_FWLib\src\stm32f10x_rtc.c   0x00000000   Number         0  stm32f10x_rtc.o ABSOLUTE
    ..\STM32F10x_FWLib\src\stm32f10x_sdio.c  0x00000000   Number         0  stm32f10x_sdio.o ABSOLUTE
    ..\STM32F10x_FWLib\src\stm32f10x_spi.c   0x00000000   Number         0  stm32f10x_spi.o ABSOLUTE
    ..\STM32F10x_FWLib\src\stm32f10x_tim.c   0x00000000   Number         0  stm32f10x_tim.o ABSOLUTE
    ..\STM32F10x_FWLib\src\stm32f10x_usart.c 0x00000000   Number         0  stm32f10x_usart.o ABSOLUTE
    ..\STM32F10x_FWLib\src\stm32f10x_wwdg.c  0x00000000   Number         0  stm32f10x_wwdg.o ABSOLUTE
    ..\SYSTEM\delay\delay.c                  0x00000000   Number         0  delay.o ABSOLUTE
    ..\SYSTEM\sys\sys.c                      0x00000000   Number         0  sys.o ABSOLUTE
    ..\SYSTEM\usart\usart.c                  0x00000000   Number         0  usart.o ABSOLUTE
    ..\\CORE\\core_cm3.c                     0x00000000   Number         0  core_cm3.o ABSOLUTE
    comman.c                                 0x00000000   Number         0  comman.o ABSOLUTE
    dc.s                                     0x00000000   Number         0  dc.o ABSOLUTE
    main.c                                   0x00000000   Number         0  main.o ABSOLUTE
    stm32f10x_it.c                           0x00000000   Number         0  stm32f10x_it.o ABSOLUTE
    system_stm32f10x.c                       0x00000000   Number         0  system_stm32f10x.o ABSOLUTE
    RESET                                    0x08000000   Section      304  startup_stm32f10x_hd.o(RESET)
    !!!main                                  0x08000130   Section        8  __main.o(!!!main)
    !!!scatter                               0x08000138   Section       52  __scatter.o(!!!scatter)
    !!dczerorl2                              0x0800016c   Section       90  __dczerorl2.o(!!dczerorl2)
    !!handler_zi                             0x080001c8   Section       28  __scatter_zi.o(!!handler_zi)
    .ARM.Collect$$libinit$$00000000          0x080001e4   Section        2  libinit.o(.ARM.Collect$$libinit$$00000000)
    .ARM.Collect$$libinit$$00000002          0x080001e6   Section        0  libinit2.o(.ARM.Collect$$libinit$$00000002)
    .ARM.Collect$$libinit$$00000004          0x080001e6   Section        0  libinit2.o(.ARM.Collect$$libinit$$00000004)
    .ARM.Collect$$libinit$$0000000A          0x080001e6   Section        0  libinit2.o(.ARM.Collect$$libinit$$0000000A)
    .ARM.Collect$$libinit$$0000000C          0x080001e6   Section        0  libinit2.o(.ARM.Collect$$libinit$$0000000C)
    .ARM.Collect$$libinit$$0000000E          0x080001e6   Section        0  libinit2.o(.ARM.Collect$$libinit$$0000000E)
    .ARM.Collect$$libinit$$00000011          0x080001e6   Section        0  libinit2.o(.ARM.Collect$$libinit$$00000011)
    .ARM.Collect$$libinit$$00000013          0x080001e6   Section        0  libinit2.o(.ARM.Collect$$libinit$$00000013)
    .ARM.Collect$$libinit$$00000015          0x080001e6   Section        0  libinit2.o(.ARM.Collect$$libinit$$00000015)
    .ARM.Collect$$libinit$$00000017          0x080001e6   Section        0  libinit2.o(.ARM.Collect$$libinit$$00000017)
    .ARM.Collect$$libinit$$00000019          0x080001e6   Section        0  libinit2.o(.ARM.Collect$$libinit$$00000019)
    .ARM.Collect$$libinit$$0000001B          0x080001e6   Section        0  libinit2.o(.ARM.Collect$$libinit$$0000001B)
    .ARM.Collect$$libinit$$0000001D          0x080001e6   Section        0  libinit2.o(.ARM.Collect$$libinit$$0000001D)
    .ARM.Collect$$libinit$$0000001F          0x080001e6   Section        0  libinit2.o(.ARM.Collect$$libinit$$0000001F)
    .ARM.Collect$$libinit$$00000021          0x080001e6   Section        0  libinit2.o(.ARM.Collect$$libinit$$00000021)
    .ARM.Collect$$libinit$$00000023          0x080001e6   Section        0  libinit2.o(.ARM.Collect$$libinit$$00000023)
    .ARM.Collect$$libinit$$00000025          0x080001e6   Section        0  libinit2.o(.ARM.Collect$$libinit$$00000025)
    .ARM.Collect$$libinit$$0000002C          0x080001e6   Section        0  libinit2.o(.ARM.Collect$$libinit$$0000002C)
    .ARM.Collect$$libinit$$0000002E          0x080001e6   Section        0  libinit2.o(.ARM.Collect$$libinit$$0000002E)
    .ARM.Collect$$libinit$$00000030          0x080001e6   Section        0  libinit2.o(.ARM.Collect$$libinit$$00000030)
    .ARM.Collect$$libinit$$00000032          0x080001e6   Section        0  libinit2.o(.ARM.Collect$$libinit$$00000032)
    .ARM.Collect$$libinit$$00000033          0x080001e6   Section        2  libinit2.o(.ARM.Collect$$libinit$$00000033)
    .ARM.Collect$$libshutdown$$00000000      0x080001e8   Section        2  libshutdown.o(.ARM.Collect$$libshutdown$$00000000)
    .ARM.Collect$$libshutdown$$00000003      0x080001ea   Section        0  libshutdown2.o(.ARM.Collect$$libshutdown$$00000003)
    .ARM.Collect$$libshutdown$$00000006      0x080001ea   Section        0  libshutdown2.o(.ARM.Collect$$libshutdown$$00000006)
    .ARM.Collect$$libshutdown$$00000009      0x080001ea   Section        0  libshutdown2.o(.ARM.Collect$$libshutdown$$00000009)
    .ARM.Collect$$libshutdown$$0000000B      0x080001ea   Section        0  libshutdown2.o(.ARM.Collect$$libshutdown$$0000000B)
    .ARM.Collect$$libshutdown$$0000000E      0x080001ea   Section        0  libshutdown2.o(.ARM.Collect$$libshutdown$$0000000E)
    .ARM.Collect$$libshutdown$$0000000F      0x080001ea   Section        2  libshutdown2.o(.ARM.Collect$$libshutdown$$0000000F)
    .ARM.Collect$$rtentry$$00000000          0x080001ec   Section        0  __rtentry.o(.ARM.Collect$$rtentry$$00000000)
    .ARM.Collect$$rtentry$$00000002          0x080001ec   Section        0  __rtentry2.o(.ARM.Collect$$rtentry$$00000002)
    .ARM.Collect$$rtentry$$00000004          0x080001ec   Section        6  __rtentry4.o(.ARM.Collect$$rtentry$$00000004)
    .ARM.Collect$$rtentry$$00000009          0x080001f2   Section        0  __rtentry2.o(.ARM.Collect$$rtentry$$00000009)
    .ARM.Collect$$rtentry$$0000000A          0x080001f2   Section        4  __rtentry2.o(.ARM.Collect$$rtentry$$0000000A)
    .ARM.Collect$$rtentry$$0000000C          0x080001f6   Section        0  __rtentry2.o(.ARM.Collect$$rtentry$$0000000C)
    .ARM.Collect$$rtentry$$0000000D          0x080001f6   Section        8  __rtentry2.o(.ARM.Collect$$rtentry$$0000000D)
    .ARM.Collect$$rtexit$$00000000           0x080001fe   Section        2  rtexit.o(.ARM.Collect$$rtexit$$00000000)
    .ARM.Collect$$rtexit$$00000002           0x08000200   Section        0  rtexit2.o(.ARM.Collect$$rtexit$$00000002)
    .ARM.Collect$$rtexit$$00000003           0x08000200   Section        4  rtexit2.o(.ARM.Collect$$rtexit$$00000003)
    .ARM.Collect$$rtexit$$00000004           0x08000204   Section        6  rtexit2.o(.ARM.Collect$$rtexit$$00000004)
    .text                                    0x0800020c   Section        0  main.o(.text)
    .text                                    0x080007f4   Section        0  stm32f10x_it.o(.text)
    .text                                    0x08000810   Section        0  system_stm32f10x.o(.text)
    SetSysClockTo72                          0x08000811   Thumb Code   214  system_stm32f10x.o(.text)
    SetSysClock                              0x080008e7   Thumb Code     8  system_stm32f10x.o(.text)
    .text                                    0x080009f0   Section        0  comman.o(.text)
    .text                                    0x08000c0c   Section        0  myiic.o(.text)
    .text                                    0x08000edc   Section        0  gps.o(.text)
    .text                                    0x080011f8   Section        0  display.o(.text)
    .text                                    0x080013ac   Section        0  sensor.o(.text)
    .text                                    0x0800165c   Section        0  gateway.o(.text)
    .text                                    0x08001778   Section        0  battery.o(.text)
    .text                                    0x0800188c   Section        0  delay.o(.text)
    .text                                    0x08001960   Section        0  sys.o(.text)
    .text                                    0x0800196c   Section       64  startup_stm32f10x_hd.o(.text)
    .text                                    0x080019ac   Section        0  misc.o(.text)
    .text                                    0x08001a88   Section        0  stm32f10x_adc.o(.text)
    .text                                    0x08001ed8   Section        0  stm32f10x_gpio.o(.text)
    .text                                    0x08002234   Section        0  stm32f10x_i2c.o(.text)
    .text                                    0x08002638   Section        0  stm32f10x_iwdg.o(.text)
    .text                                    0x08002678   Section        0  stm32f10x_rcc.o(.text)
    .text                                    0x08002a1c   Section        0  stm32f10x_usart.o(.text)
    .text                                    0x08002e24   Section        0  heapauxi.o(.text)
    .text                                    0x08002e2a   Section       74  sys_stackheap_outer.o(.text)
    .text                                    0x08002e74   Section        0  exit.o(.text)
    .text                                    0x08002e80   Section        8  libspace.o(.text)
    .text                                    0x08002e88   Section        0  sys_exit.o(.text)
    .text                                    0x08002e94   Section        2  use_no_semi.o(.text)
    .text                                    0x08002e96   Section        0  indicate_semi.o(.text)
    x$fpl$ddiv                               0x08002e98   Section      688  ddiv.o(x$fpl$ddiv)
    ddiv_entry                               0x08002e9f   Thumb Code     0  ddiv.o(x$fpl$ddiv)
    x$fpl$dfix                               0x08003148   Section       94  dfix.o(x$fpl$dfix)
    x$fpl$dfltu                              0x080031a6   Section       38  dflt_clz.o(x$fpl$dfltu)
    x$fpl$dnaninf                            0x080031cc   Section      156  dnaninf.o(x$fpl$dnaninf)
    x$fpl$dretinf                            0x08003268   Section       12  dretinf.o(x$fpl$dretinf)
    .conststring                             0x08003274   Section       70  gps.o(.conststring)
    x$fpl$usenofp                            0x08003274   Section        0  usenofp.o(x$fpl$usenofp)
    .data                                    0x20000000   Section       24  main.o(.data)
    .data                                    0x20000018   Section       20  system_stm32f10x.o(.data)
    .data                                    0x2000002c   Section     1084  comman.o(.data)
    .data                                    0x20000468   Section        1  myiic.o(.data)
    .data                                    0x2000046c   Section       20  gps.o(.data)
    qxwz_tranFlag                            0x20000474   Data           1  gps.o(.data)
    qxwz_RxCounter                           0x20000475   Data           1  gps.o(.data)
    index                                    0x20000476   Data           1  gps.o(.data)
    recTemp                                  0x20000477   Data           6  gps.o(.data)
    i                                        0x2000047d   Data           1  gps.o(.data)
    checkFlag                                0x2000047e   Data           1  gps.o(.data)
    recFlag                                  0x2000047f   Data           1  gps.o(.data)
    .data                                    0x20000480   Section       33  sensor.o(.data)
    .data                                    0x200004a2   Section        4  delay.o(.data)
    fac_us                                   0x200004a2   Data           1  delay.o(.data)
    fac_ms                                   0x200004a4   Data           2  delay.o(.data)
    .data                                    0x200004a6   Section       20  stm32f10x_rcc.o(.data)
    APBAHBPrescTable                         0x200004a6   Data          16  stm32f10x_rcc.o(.data)
    ADCPrescTable                            0x200004b6   Data           4  stm32f10x_rcc.o(.data)
    .bss                                     0x200004bc   Section      255  myiic.o(.bss)
    .bss                                     0x200005bb   Section      280  gps.o(.bss)
    qxwz_RxBuffer                            0x2000060b   Data         200  gps.o(.bss)
    .bss                                     0x200006d3   Section       30  sensor.o(.bss)
    .bss                                     0x200006f4   Section       96  libspace.o(.bss)
    HEAP                                     0x20000758   Section      512  startup_stm32f10x_hd.o(HEAP)
    Heap_Mem                                 0x20000758   Data         512  startup_stm32f10x_hd.o(HEAP)
    STACK                                    0x20000958   Section     1024  startup_stm32f10x_hd.o(STACK)
    Stack_Mem                                0x20000958   Data        1024  startup_stm32f10x_hd.o(STACK)
    __initial_sp                             0x20000d58   Data           0  startup_stm32f10x_hd.o(STACK)

    Global Symbols

    Symbol Name                              Value     Ov Type        Size  Object(Section)

    BuildAttributes$$THM_ISAv4$P$D$K$B$S$PE$A:L22UL41UL21$X:L11$S22US41US21$IEEE1$IW$USESV6$~STKCKD$USESV7$~SHL$OSPACE$ROPI$EBA8$UX$STANDARDLIB$REQ8$PRES8$EABIv2 0x00000000   Number         0  anon$$obj.o ABSOLUTE
    __ARM_use_no_argv                        0x00000000   Number         0  main.o ABSOLUTE
    __ARM_exceptions_init                     - Undefined Weak Reference
    __alloca_initialize                       - Undefined Weak Reference
    __arm_preinit_                            - Undefined Weak Reference
    __cpp_initialize__aeabi_                  - Undefined Weak Reference
    __cxa_finalize                            - Undefined Weak Reference
    __rt_locale                               - Undefined Weak Reference
    __sigvec_lookup                           - Undefined Weak Reference
    _atexit_init                              - Undefined Weak Reference
    _call_atexit_fns                          - Undefined Weak Reference
    _clock_init                               - Undefined Weak Reference
    _fp_trap_init                             - Undefined Weak Reference
    _fp_trap_shutdown                         - Undefined Weak Reference
    _get_lc_collate                           - Undefined Weak Reference
    _get_lc_ctype                             - Undefined Weak Reference
    _get_lc_monetary                          - Undefined Weak Reference
    _get_lc_numeric                           - Undefined Weak Reference
    _get_lc_time                              - Undefined Weak Reference
    _getenv_init                              - Undefined Weak Reference
    _handle_redirection                       - Undefined Weak Reference
    _init_alloc                               - Undefined Weak Reference
    _init_user_alloc                          - Undefined Weak Reference
    _initio                                   - Undefined Weak Reference
    _rand_init                                - Undefined Weak Reference
    _signal_finish                            - Undefined Weak Reference
    _signal_init                              - Undefined Weak Reference
    _terminate_alloc                          - Undefined Weak Reference
    _terminate_user_alloc                     - Undefined Weak Reference
    _terminateio                              - Undefined Weak Reference
    __Vectors_Size                           0x00000130   Number         0  startup_stm32f10x_hd.o ABSOLUTE
    __Vectors                                0x08000000   Data           4  startup_stm32f10x_hd.o(RESET)
    __Vectors_End                            0x08000130   Data           0  startup_stm32f10x_hd.o(RESET)
    __main                                   0x08000131   Thumb Code     8  __main.o(!!!main)
    __scatterload                            0x08000139   Thumb Code     0  __scatter.o(!!!scatter)
    __scatterload_rt2                        0x08000139   Thumb Code    44  __scatter.o(!!!scatter)
    __scatterload_rt2_thumb_only             0x08000139   Thumb Code     0  __scatter.o(!!!scatter)
    __scatterload_null                       0x08000147   Thumb Code     0  __scatter.o(!!!scatter)
    __decompress                             0x0800016d   Thumb Code    90  __dczerorl2.o(!!dczerorl2)
    __decompress1                            0x0800016d   Thumb Code     0  __dczerorl2.o(!!dczerorl2)
    __scatterload_zeroinit                   0x080001c9   Thumb Code    28  __scatter_zi.o(!!handler_zi)
    __rt_lib_init                            0x080001e5   Thumb Code     0  libinit.o(.ARM.Collect$$libinit$$00000000)
    __rt_lib_init_alloca_1                   0x080001e7   Thumb Code     0  libinit2.o(.ARM.Collect$$libinit$$0000002E)
    __rt_lib_init_argv_1                     0x080001e7   Thumb Code     0  libinit2.o(.ARM.Collect$$libinit$$0000002C)
    __rt_lib_init_atexit_1                   0x080001e7   Thumb Code     0  libinit2.o(.ARM.Collect$$libinit$$0000001B)
    __rt_lib_init_clock_1                    0x080001e7   Thumb Code     0  libinit2.o(.ARM.Collect$$libinit$$00000021)
    __rt_lib_init_cpp_1                      0x080001e7   Thumb Code     0  libinit2.o(.ARM.Collect$$libinit$$00000032)
    __rt_lib_init_exceptions_1               0x080001e7   Thumb Code     0  libinit2.o(.ARM.Collect$$libinit$$00000030)
    __rt_lib_init_fp_1                       0x080001e7   Thumb Code     0  libinit2.o(.ARM.Collect$$libinit$$00000002)
    __rt_lib_init_fp_trap_1                  0x080001e7   Thumb Code     0  libinit2.o(.ARM.Collect$$libinit$$0000001F)
    __rt_lib_init_getenv_1                   0x080001e7   Thumb Code     0  libinit2.o(.ARM.Collect$$libinit$$00000023)
    __rt_lib_init_heap_1                     0x080001e7   Thumb Code     0  libinit2.o(.ARM.Collect$$libinit$$0000000A)
    __rt_lib_init_lc_collate_1               0x080001e7   Thumb Code     0  libinit2.o(.ARM.Collect$$libinit$$00000011)
    __rt_lib_init_lc_ctype_1                 0x080001e7   Thumb Code     0  libinit2.o(.ARM.Collect$$libinit$$00000013)
    __rt_lib_init_lc_monetary_1              0x080001e7   Thumb Code     0  libinit2.o(.ARM.Collect$$libinit$$00000015)
    __rt_lib_init_lc_numeric_1               0x080001e7   Thumb Code     0  libinit2.o(.ARM.Collect$$libinit$$00000017)
    __rt_lib_init_lc_time_1                  0x080001e7   Thumb Code     0  libinit2.o(.ARM.Collect$$libinit$$00000019)
    __rt_lib_init_preinit_1                  0x080001e7   Thumb Code     0  libinit2.o(.ARM.Collect$$libinit$$00000004)
    __rt_lib_init_rand_1                     0x080001e7   Thumb Code     0  libinit2.o(.ARM.Collect$$libinit$$0000000E)
    __rt_lib_init_return                     0x080001e7   Thumb Code     0  libinit2.o(.ARM.Collect$$libinit$$00000033)
    __rt_lib_init_signal_1                   0x080001e7   Thumb Code     0  libinit2.o(.ARM.Collect$$libinit$$0000001D)
    __rt_lib_init_stdio_1                    0x080001e7   Thumb Code     0  libinit2.o(.ARM.Collect$$libinit$$00000025)
    __rt_lib_init_user_alloc_1               0x080001e7   Thumb Code     0  libinit2.o(.ARM.Collect$$libinit$$0000000C)
    __rt_lib_shutdown                        0x080001e9   Thumb Code     0  libshutdown.o(.ARM.Collect$$libshutdown$$00000000)
    __rt_lib_shutdown_fp_trap_1              0x080001eb   Thumb Code     0  libshutdown2.o(.ARM.Collect$$libshutdown$$00000006)
    __rt_lib_shutdown_heap_1                 0x080001eb   Thumb Code     0  libshutdown2.o(.ARM.Collect$$libshutdown$$0000000E)
    __rt_lib_shutdown_return                 0x080001eb   Thumb Code     0  libshutdown2.o(.ARM.Collect$$libshutdown$$0000000F)
    __rt_lib_shutdown_signal_1               0x080001eb   Thumb Code     0  libshutdown2.o(.ARM.Collect$$libshutdown$$00000009)
    __rt_lib_shutdown_stdio_1                0x080001eb   Thumb Code     0  libshutdown2.o(.ARM.Collect$$libshutdown$$00000003)
    __rt_lib_shutdown_user_alloc_1           0x080001eb   Thumb Code     0  libshutdown2.o(.ARM.Collect$$libshutdown$$0000000B)
    __rt_entry                               0x080001ed   Thumb Code     0  __rtentry.o(.ARM.Collect$$rtentry$$00000000)
    __rt_entry_presh_1                       0x080001ed   Thumb Code     0  __rtentry2.o(.ARM.Collect$$rtentry$$00000002)
    __rt_entry_sh                            0x080001ed   Thumb Code     0  __rtentry4.o(.ARM.Collect$$rtentry$$00000004)
    __rt_entry_li                            0x080001f3   Thumb Code     0  __rtentry2.o(.ARM.Collect$$rtentry$$0000000A)
    __rt_entry_postsh_1                      0x080001f3   Thumb Code     0  __rtentry2.o(.ARM.Collect$$rtentry$$00000009)
    __rt_entry_main                          0x080001f7   Thumb Code     0  __rtentry2.o(.ARM.Collect$$rtentry$$0000000D)
    __rt_entry_postli_1                      0x080001f7   Thumb Code     0  __rtentry2.o(.ARM.Collect$$rtentry$$0000000C)
    __rt_exit                                0x080001ff   Thumb Code     0  rtexit.o(.ARM.Collect$$rtexit$$00000000)
    __rt_exit_ls                             0x08000201   Thumb Code     0  rtexit2.o(.ARM.Collect$$rtexit$$00000003)
    __rt_exit_prels_1                        0x08000201   Thumb Code     0  rtexit2.o(.ARM.Collect$$rtexit$$00000002)
    __rt_exit_exit                           0x08000205   Thumb Code     0  rtexit2.o(.ARM.Collect$$rtexit$$00000004)
    IWDG_Configuration                       0x0800020d   Thumb Code    34  main.o(.text)
    main                                     0x0800022f   Thumb Code  1426  main.o(.text)
    NMI_Handler                              0x080007f5   Thumb Code     2  stm32f10x_it.o(.text)
    HardFault_Handler                        0x080007f7   Thumb Code     4  stm32f10x_it.o(.text)
    MemManage_Handler                        0x080007fb   Thumb Code     4  stm32f10x_it.o(.text)
    BusFault_Handler                         0x080007ff   Thumb Code     4  stm32f10x_it.o(.text)
    UsageFault_Handler                       0x08000803   Thumb Code     4  stm32f10x_it.o(.text)
    SVC_Handler                              0x08000807   Thumb Code     2  stm32f10x_it.o(.text)
    DebugMon_Handler                         0x08000809   Thumb Code     2  stm32f10x_it.o(.text)
    PendSV_Handler                           0x0800080b   Thumb Code     2  stm32f10x_it.o(.text)
    SysTick_Handler                          0x0800080d   Thumb Code     2  stm32f10x_it.o(.text)
    SystemInit                               0x080008ef   Thumb Code    78  system_stm32f10x.o(.text)
    SystemCoreClockUpdate                    0x0800093d   Thumb Code   142  system_stm32f10x.o(.text)
    my_strcpy                                0x080009f1   Thumb Code    20  comman.o(.text)
    my_CRC                                   0x08000a05   Thumb Code   120  comman.o(.text)
    escape_processing                        0x08000a7d   Thumb Code   158  comman.o(.text)
    inttohex_four                            0x08000b1b   Thumb Code   140  comman.o(.text)
    inttohex_three                           0x08000ba7   Thumb Code    96  comman.o(.text)
    I2C1_Init                                0x08000c0d   Thumb Code   162  myiic.o(.text)
    I2C_clear_ADDR                           0x08000caf   Thumb Code    16  myiic.o(.text)
    I2C_clear_STOPF                          0x08000cbf   Thumb Code    24  myiic.o(.text)
    I2C1_EV_IRQHandler                       0x08000cd7   Thumb Code   364  myiic.o(.text)
    I2C1_ER_IRQHandler                       0x08000e43   Thumb Code    84  myiic.o(.text)
    gps_init                                 0x08000edd   Thumb Code   160  gps.o(.text)
    gps_senddata                             0x08000f7d   Thumb Code    56  gps.o(.text)
    checkArray                               0x08000fb5   Thumb Code    36  gps.o(.text)
    USART2_IRQHandler                        0x08000fd9   Thumb Code   460  gps.o(.text)
    display_init                             0x080011f9   Thumb Code   196  display.o(.text)
    display_sendbyte                         0x080012bd   Thumb Code    72  display.o(.text)
    display_senddata                         0x08001305   Thumb Code   100  display.o(.text)
    UART4_IRQHandler                         0x08001369   Thumb Code    60  display.o(.text)
    sensor_init                              0x080013ad   Thumb Code   204  sensor.o(.text)
    sensor_sendbyte                          0x08001479   Thumb Code    72  sensor.o(.text)
    sensor_senddata                          0x080014c1   Thumb Code   100  sensor.o(.text)
    USART3_IRQHandler                        0x08001525   Thumb Code   258  sensor.o(.text)
    gateway_Init                             0x0800165d   Thumb Code   158  gateway.o(.text)
    gateway_send_Data                        0x080016fb   Thumb Code    56  gateway.o(.text)
    USART1_IRQHandler                        0x08001733   Thumb Code    60  gateway.o(.text)
    battery_init                             0x08001779   Thumb Code   152  battery.o(.text)
    battery_read                             0x08001811   Thumb Code   110  battery.o(.text)
    delay_init                               0x0800188d   Thumb Code    50  delay.o(.text)
    delay_us                                 0x080018bf   Thumb Code    72  delay.o(.text)
    delay_ms                                 0x08001907   Thumb Code    72  delay.o(.text)
    NVIC_Configuration                       0x08001961   Thumb Code    12  sys.o(.text)
    Reset_Handler                            0x0800196d   Thumb Code     8  startup_stm32f10x_hd.o(.text)
    ADC1_2_IRQHandler                        0x08001987   Thumb Code     0  startup_stm32f10x_hd.o(.text)
    ADC3_IRQHandler                          0x08001987   Thumb Code     0  startup_stm32f10x_hd.o(.text)
    CAN1_RX1_IRQHandler                      0x08001987   Thumb Code     0  startup_stm32f10x_hd.o(.text)
    CAN1_SCE_IRQHandler                      0x08001987   Thumb Code     0  startup_stm32f10x_hd.o(.text)
    DMA1_Channel1_IRQHandler                 0x08001987   Thumb Code     0  startup_stm32f10x_hd.o(.text)
    DMA1_Channel2_IRQHandler                 0x08001987   Thumb Code     0  startup_stm32f10x_hd.o(.text)
    DMA1_Channel3_IRQHandler                 0x08001987   Thumb Code     0  startup_stm32f10x_hd.o(.text)
    DMA1_Channel4_IRQHandler                 0x08001987   Thumb Code     0  startup_stm32f10x_hd.o(.text)
    DMA1_Channel5_IRQHandler                 0x08001987   Thumb Code     0  startup_stm32f10x_hd.o(.text)
    DMA1_Channel6_IRQHandler                 0x08001987   Thumb Code     0  startup_stm32f10x_hd.o(.text)
    DMA1_Channel7_IRQHandler                 0x08001987   Thumb Code     0  startup_stm32f10x_hd.o(.text)
    DMA2_Channel1_IRQHandler                 0x08001987   Thumb Code     0  startup_stm32f10x_hd.o(.text)
    DMA2_Channel2_IRQHandler                 0x08001987   Thumb Code     0  startup_stm32f10x_hd.o(.text)
    DMA2_Channel3_IRQHandler                 0x08001987   Thumb Code     0  startup_stm32f10x_hd.o(.text)
    DMA2_Channel4_5_IRQHandler               0x08001987   Thumb Code     0  startup_stm32f10x_hd.o(.text)
    EXTI0_IRQHandler                         0x08001987   Thumb Code     0  startup_stm32f10x_hd.o(.text)
    EXTI15_10_IRQHandler                     0x08001987   Thumb Code     0  startup_stm32f10x_hd.o(.text)
    EXTI1_IRQHandler                         0x08001987   Thumb Code     0  startup_stm32f10x_hd.o(.text)
    EXTI2_IRQHandler                         0x08001987   Thumb Code     0  startup_stm32f10x_hd.o(.text)
    EXTI3_IRQHandler                         0x08001987   Thumb Code     0  startup_stm32f10x_hd.o(.text)
    EXTI4_IRQHandler                         0x08001987   Thumb Code     0  startup_stm32f10x_hd.o(.text)
    EXTI9_5_IRQHandler                       0x08001987   Thumb Code     0  startup_stm32f10x_hd.o(.text)
    FLASH_IRQHandler                         0x08001987   Thumb Code     0  startup_stm32f10x_hd.o(.text)
    FSMC_IRQHandler                          0x08001987   Thumb Code     0  startup_stm32f10x_hd.o(.text)
    I2C2_ER_IRQHandler                       0x08001987   Thumb Code     0  startup_stm32f10x_hd.o(.text)
    I2C2_EV_IRQHandler                       0x08001987   Thumb Code     0  startup_stm32f10x_hd.o(.text)
    PVD_IRQHandler                           0x08001987   Thumb Code     0  startup_stm32f10x_hd.o(.text)
    RCC_IRQHandler                           0x08001987   Thumb Code     0  startup_stm32f10x_hd.o(.text)
    RTCAlarm_IRQHandler                      0x08001987   Thumb Code     0  startup_stm32f10x_hd.o(.text)
    RTC_IRQHandler                           0x08001987   Thumb Code     0  startup_stm32f10x_hd.o(.text)
    SDIO_IRQHandler                          0x08001987   Thumb Code     0  startup_stm32f10x_hd.o(.text)
    SPI1_IRQHandler                          0x08001987   Thumb Code     0  startup_stm32f10x_hd.o(.text)
    SPI2_IRQHandler                          0x08001987   Thumb Code     0  startup_stm32f10x_hd.o(.text)
    SPI3_IRQHandler                          0x08001987   Thumb Code     0  startup_stm32f10x_hd.o(.text)
    TAMPER_IRQHandler                        0x08001987   Thumb Code     0  startup_stm32f10x_hd.o(.text)
    TIM1_BRK_IRQHandler                      0x08001987   Thumb Code     0  startup_stm32f10x_hd.o(.text)
    TIM1_CC_IRQHandler                       0x08001987   Thumb Code     0  startup_stm32f10x_hd.o(.text)
    TIM1_TRG_COM_IRQHandler                  0x08001987   Thumb Code     0  startup_stm32f10x_hd.o(.text)
    TIM1_UP_IRQHandler                       0x08001987   Thumb Code     0  startup_stm32f10x_hd.o(.text)
    TIM2_IRQHandler                          0x08001987   Thumb Code     0  startup_stm32f10x_hd.o(.text)
    TIM3_IRQHandler                          0x08001987   Thumb Code     0  startup_stm32f10x_hd.o(.text)
    TIM4_IRQHandler                          0x08001987   Thumb Code     0  startup_stm32f10x_hd.o(.text)
    TIM5_IRQHandler                          0x08001987   Thumb Code     0  startup_stm32f10x_hd.o(.text)
    TIM6_IRQHandler                          0x08001987   Thumb Code     0  startup_stm32f10x_hd.o(.text)
    TIM7_IRQHandler                          0x08001987   Thumb Code     0  startup_stm32f10x_hd.o(.text)
    TIM8_BRK_IRQHandler                      0x08001987   Thumb Code     0  startup_stm32f10x_hd.o(.text)
    TIM8_CC_IRQHandler                       0x08001987   Thumb Code     0  startup_stm32f10x_hd.o(.text)
    TIM8_TRG_COM_IRQHandler                  0x08001987   Thumb Code     0  startup_stm32f10x_hd.o(.text)
    TIM8_UP_IRQHandler                       0x08001987   Thumb Code     0  startup_stm32f10x_hd.o(.text)
    UART5_IRQHandler                         0x08001987   Thumb Code     0  startup_stm32f10x_hd.o(.text)
    USBWakeUp_IRQHandler                     0x08001987   Thumb Code     0  startup_stm32f10x_hd.o(.text)
    USB_HP_CAN1_TX_IRQHandler                0x08001987   Thumb Code     0  startup_stm32f10x_hd.o(.text)
    USB_LP_CAN1_RX0_IRQHandler               0x08001987   Thumb Code     0  startup_stm32f10x_hd.o(.text)
    WWDG_IRQHandler                          0x08001987   Thumb Code     0  startup_stm32f10x_hd.o(.text)
    __user_initial_stackheap                 0x08001989   Thumb Code     0  startup_stm32f10x_hd.o(.text)
    NVIC_PriorityGroupConfig                 0x080019ad   Thumb Code    10  misc.o(.text)
    NVIC_Init                                0x080019b7   Thumb Code   100  misc.o(.text)
    NVIC_SetVectorTable                      0x08001a1b   Thumb Code    14  misc.o(.text)
    NVIC_SystemLPConfig                      0x08001a29   Thumb Code    34  misc.o(.text)
    SysTick_CLKSourceConfig                  0x08001a4b   Thumb Code    40  misc.o(.text)
    ADC_DeInit                               0x08001a89   Thumb Code    78  stm32f10x_adc.o(.text)
    ADC_Init                                 0x08001ad7   Thumb Code    70  stm32f10x_adc.o(.text)
    ADC_StructInit                           0x08001b1d   Thumb Code    18  stm32f10x_adc.o(.text)
    ADC_Cmd                                  0x08001b2f   Thumb Code    22  stm32f10x_adc.o(.text)
    ADC_DMACmd                               0x08001b45   Thumb Code    22  stm32f10x_adc.o(.text)
    ADC_ITConfig                             0x08001b5b   Thumb Code    24  stm32f10x_adc.o(.text)
    ADC_ResetCalibration                     0x08001b73   Thumb Code    10  stm32f10x_adc.o(.text)
    ADC_GetResetCalibrationStatus            0x08001b7d   Thumb Code    20  stm32f10x_adc.o(.text)
    ADC_StartCalibration                     0x08001b91   Thumb Code    10  stm32f10x_adc.o(.text)
    ADC_GetCalibrationStatus                 0x08001b9b   Thumb Code    20  stm32f10x_adc.o(.text)
    ADC_SoftwareStartConvCmd                 0x08001baf   Thumb Code    22  stm32f10x_adc.o(.text)
    ADC_GetSoftwareStartConvStatus           0x08001bc5   Thumb Code    20  stm32f10x_adc.o(.text)
    ADC_DiscModeChannelCountConfig           0x08001bd9   Thumb Code    24  stm32f10x_adc.o(.text)
    ADC_DiscModeCmd                          0x08001bf1   Thumb Code    22  stm32f10x_adc.o(.text)
    ADC_RegularChannelConfig                 0x08001c07   Thumb Code   184  stm32f10x_adc.o(.text)
    ADC_ExternalTrigConvCmd                  0x08001cbf   Thumb Code    22  stm32f10x_adc.o(.text)
    ADC_GetConversionValue                   0x08001cd5   Thumb Code     8  stm32f10x_adc.o(.text)
    ADC_GetDualModeConversionValue           0x08001cdd   Thumb Code     8  stm32f10x_adc.o(.text)
    ADC_AutoInjectedConvCmd                  0x08001ce5   Thumb Code    22  stm32f10x_adc.o(.text)
    ADC_InjectedDiscModeCmd                  0x08001cfb   Thumb Code    22  stm32f10x_adc.o(.text)
    ADC_ExternalTrigInjectedConvConfig       0x08001d11   Thumb Code    16  stm32f10x_adc.o(.text)
    ADC_ExternalTrigInjectedConvCmd          0x08001d21   Thumb Code    22  stm32f10x_adc.o(.text)
    ADC_SoftwareStartInjectedConvCmd         0x08001d37   Thumb Code    22  stm32f10x_adc.o(.text)
    ADC_GetSoftwareStartInjectedConvCmdStatus 0x08001d4d   Thumb Code    20  stm32f10x_adc.o(.text)
    ADC_InjectedChannelConfig                0x08001d61   Thumb Code   130  stm32f10x_adc.o(.text)
    ADC_InjectedSequencerLengthConfig        0x08001de3   Thumb Code    24  stm32f10x_adc.o(.text)
    ADC_SetInjectedOffset                    0x08001dfb   Thumb Code    20  stm32f10x_adc.o(.text)
    ADC_GetInjectedConversionValue           0x08001e0f   Thumb Code    28  stm32f10x_adc.o(.text)
    ADC_AnalogWatchdogCmd                    0x08001e2b   Thumb Code    16  stm32f10x_adc.o(.text)
    ADC_AnalogWatchdogThresholdsConfig       0x08001e3b   Thumb Code     6  stm32f10x_adc.o(.text)
    ADC_AnalogWatchdogSingleChannelConfig    0x08001e41   Thumb Code    16  stm32f10x_adc.o(.text)
    ADC_TempSensorVrefintCmd                 0x08001e51   Thumb Code    64  stm32f10x_adc.o(.text)
    ADC_GetFlagStatus                        0x08001e91   Thumb Code    18  stm32f10x_adc.o(.text)
    ADC_ClearFlag                            0x08001ea3   Thumb Code     6  stm32f10x_adc.o(.text)
    ADC_GetITStatus                          0x08001ea9   Thumb Code    36  stm32f10x_adc.o(.text)
    ADC_ClearITPendingBit                    0x08001ecd   Thumb Code    10  stm32f10x_adc.o(.text)
    GPIO_DeInit                              0x08001ed9   Thumb Code   172  stm32f10x_gpio.o(.text)
    GPIO_AFIODeInit                          0x08001f85   Thumb Code    20  stm32f10x_gpio.o(.text)
    GPIO_Init                                0x08001f99   Thumb Code   278  stm32f10x_gpio.o(.text)
    GPIO_StructInit                          0x080020af   Thumb Code    16  stm32f10x_gpio.o(.text)
    GPIO_ReadInputDataBit                    0x080020bf   Thumb Code    18  stm32f10x_gpio.o(.text)
    GPIO_ReadInputData                       0x080020d1   Thumb Code     8  stm32f10x_gpio.o(.text)
    GPIO_ReadOutputDataBit                   0x080020d9   Thumb Code    18  stm32f10x_gpio.o(.text)
    GPIO_ReadOutputData                      0x080020eb   Thumb Code     8  stm32f10x_gpio.o(.text)
    GPIO_SetBits                             0x080020f3   Thumb Code     4  stm32f10x_gpio.o(.text)
    GPIO_ResetBits                           0x080020f7   Thumb Code     4  stm32f10x_gpio.o(.text)
    GPIO_WriteBit                            0x080020fb   Thumb Code    10  stm32f10x_gpio.o(.text)
    GPIO_Write                               0x08002105   Thumb Code     4  stm32f10x_gpio.o(.text)
    GPIO_PinLockConfig                       0x08002109   Thumb Code    18  stm32f10x_gpio.o(.text)
    GPIO_EventOutputConfig                   0x0800211b   Thumb Code    26  stm32f10x_gpio.o(.text)
    GPIO_EventOutputCmd                      0x08002135   Thumb Code     6  stm32f10x_gpio.o(.text)
    GPIO_PinRemapConfig                      0x0800213b   Thumb Code   138  stm32f10x_gpio.o(.text)
    GPIO_EXTILineConfig                      0x080021c5   Thumb Code    66  stm32f10x_gpio.o(.text)
    GPIO_ETH_MediaInterfaceConfig            0x08002207   Thumb Code     8  stm32f10x_gpio.o(.text)
    I2C_DeInit                               0x08002235   Thumb Code    50  stm32f10x_i2c.o(.text)
    I2C_Init                                 0x08002267   Thumb Code   222  stm32f10x_i2c.o(.text)
    I2C_StructInit                           0x08002345   Thumb Code    30  stm32f10x_i2c.o(.text)
    I2C_Cmd                                  0x08002363   Thumb Code    24  stm32f10x_i2c.o(.text)
    I2C_DMACmd                               0x0800237b   Thumb Code    24  stm32f10x_i2c.o(.text)
    I2C_DMALastTransferCmd                   0x08002393   Thumb Code    24  stm32f10x_i2c.o(.text)
    I2C_GenerateSTART                        0x080023ab   Thumb Code    24  stm32f10x_i2c.o(.text)
    I2C_GenerateSTOP                         0x080023c3   Thumb Code    24  stm32f10x_i2c.o(.text)
    I2C_AcknowledgeConfig                    0x080023db   Thumb Code    24  stm32f10x_i2c.o(.text)
    I2C_OwnAddress2Config                    0x080023f3   Thumb Code    22  stm32f10x_i2c.o(.text)
    I2C_DualAddressCmd                       0x08002409   Thumb Code    24  stm32f10x_i2c.o(.text)
    I2C_GeneralCallCmd                       0x08002421   Thumb Code    24  stm32f10x_i2c.o(.text)
    I2C_ITConfig                             0x08002439   Thumb Code    18  stm32f10x_i2c.o(.text)
    I2C_SendData                             0x0800244b   Thumb Code     4  stm32f10x_i2c.o(.text)
    I2C_ReceiveData                          0x0800244f   Thumb Code     8  stm32f10x_i2c.o(.text)
    I2C_Send7bitAddress                      0x08002457   Thumb Code    18  stm32f10x_i2c.o(.text)
    I2C_ReadRegister                         0x08002469   Thumb Code    22  stm32f10x_i2c.o(.text)
    I2C_SoftwareResetCmd                     0x0800247f   Thumb Code    22  stm32f10x_i2c.o(.text)
    I2C_NACKPositionConfig                   0x08002495   Thumb Code    28  stm32f10x_i2c.o(.text)
    I2C_SMBusAlertConfig                     0x080024b1   Thumb Code    28  stm32f10x_i2c.o(.text)
    I2C_TransmitPEC                          0x080024cd   Thumb Code    24  stm32f10x_i2c.o(.text)
    I2C_PECPositionConfig                    0x080024e5   Thumb Code    28  stm32f10x_i2c.o(.text)
    I2C_CalculatePEC                         0x08002501   Thumb Code    24  stm32f10x_i2c.o(.text)
    I2C_GetPEC                               0x08002519   Thumb Code     8  stm32f10x_i2c.o(.text)
    I2C_ARPCmd                               0x08002521   Thumb Code    24  stm32f10x_i2c.o(.text)
    I2C_StretchClockCmd                      0x08002539   Thumb Code    24  stm32f10x_i2c.o(.text)
    I2C_FastModeDutyCycleConfig              0x08002551   Thumb Code    28  stm32f10x_i2c.o(.text)
    I2C_CheckEvent                           0x0800256d   Thumb Code    42  stm32f10x_i2c.o(.text)
    I2C_GetLastEvent                         0x08002597   Thumb Code    26  stm32f10x_i2c.o(.text)
    I2C_GetFlagStatus                        0x080025b1   Thumb Code    58  stm32f10x_i2c.o(.text)
    I2C_ClearFlag                            0x080025eb   Thumb Code    12  stm32f10x_i2c.o(.text)
    I2C_GetITStatus                          0x080025f7   Thumb Code    54  stm32f10x_i2c.o(.text)
    I2C_ClearITPendingBit                    0x0800262d   Thumb Code    12  stm32f10x_i2c.o(.text)
    IWDG_WriteAccessCmd                      0x08002639   Thumb Code     6  stm32f10x_iwdg.o(.text)
    IWDG_SetPrescaler                        0x0800263f   Thumb Code     6  stm32f10x_iwdg.o(.text)
    IWDG_SetReload                           0x08002645   Thumb Code     6  stm32f10x_iwdg.o(.text)
    IWDG_ReloadCounter                       0x0800264b   Thumb Code    10  stm32f10x_iwdg.o(.text)
    IWDG_Enable                              0x08002655   Thumb Code    10  stm32f10x_iwdg.o(.text)
    IWDG_GetFlagStatus                       0x0800265f   Thumb Code    20  stm32f10x_iwdg.o(.text)
    RCC_DeInit                               0x08002679   Thumb Code    64  stm32f10x_rcc.o(.text)
    RCC_HSEConfig                            0x080026b9   Thumb Code    70  stm32f10x_rcc.o(.text)
    RCC_GetFlagStatus                        0x080026ff   Thumb Code    56  stm32f10x_rcc.o(.text)
    RCC_WaitForHSEStartUp                    0x08002737   Thumb Code    56  stm32f10x_rcc.o(.text)
    RCC_AdjustHSICalibrationValue            0x0800276f   Thumb Code    20  stm32f10x_rcc.o(.text)
    RCC_HSICmd                               0x08002783   Thumb Code     6  stm32f10x_rcc.o(.text)
    RCC_PLLConfig                            0x08002789   Thumb Code    24  stm32f10x_rcc.o(.text)
    RCC_PLLCmd                               0x080027a1   Thumb Code     6  stm32f10x_rcc.o(.text)
    RCC_SYSCLKConfig                         0x080027a7   Thumb Code    18  stm32f10x_rcc.o(.text)
    RCC_GetSYSCLKSource                      0x080027b9   Thumb Code    10  stm32f10x_rcc.o(.text)
    RCC_HCLKConfig                           0x080027c3   Thumb Code    18  stm32f10x_rcc.o(.text)
    RCC_PCLK1Config                          0x080027d5   Thumb Code    18  stm32f10x_rcc.o(.text)
    RCC_PCLK2Config                          0x080027e7   Thumb Code    20  stm32f10x_rcc.o(.text)
    RCC_ITConfig                             0x080027fb   Thumb Code    26  stm32f10x_rcc.o(.text)
    RCC_USBCLKConfig                         0x08002815   Thumb Code     8  stm32f10x_rcc.o(.text)
    RCC_ADCCLKConfig                         0x0800281d   Thumb Code    18  stm32f10x_rcc.o(.text)
    RCC_LSEConfig                            0x0800282f   Thumb Code    50  stm32f10x_rcc.o(.text)
    RCC_LSICmd                               0x08002861   Thumb Code     6  stm32f10x_rcc.o(.text)
    RCC_RTCCLKConfig                         0x08002867   Thumb Code    12  stm32f10x_rcc.o(.text)
    RCC_RTCCLKCmd                            0x08002873   Thumb Code     8  stm32f10x_rcc.o(.text)
    RCC_GetClocksFreq                        0x0800287b   Thumb Code   192  stm32f10x_rcc.o(.text)
    RCC_AHBPeriphClockCmd                    0x0800293b   Thumb Code    26  stm32f10x_rcc.o(.text)
    RCC_APB2PeriphClockCmd                   0x08002955   Thumb Code    26  stm32f10x_rcc.o(.text)
    RCC_APB1PeriphClockCmd                   0x0800296f   Thumb Code    26  stm32f10x_rcc.o(.text)
    RCC_APB2PeriphResetCmd                   0x08002989   Thumb Code    26  stm32f10x_rcc.o(.text)
    RCC_APB1PeriphResetCmd                   0x080029a3   Thumb Code    26  stm32f10x_rcc.o(.text)
    RCC_BackupResetCmd                       0x080029bd   Thumb Code     8  stm32f10x_rcc.o(.text)
    RCC_ClockSecuritySystemCmd               0x080029c5   Thumb Code     6  stm32f10x_rcc.o(.text)
    RCC_MCOConfig                            0x080029cb   Thumb Code     6  stm32f10x_rcc.o(.text)
    RCC_ClearFlag                            0x080029d1   Thumb Code    14  stm32f10x_rcc.o(.text)
    RCC_GetITStatus                          0x080029df   Thumb Code    20  stm32f10x_rcc.o(.text)
    RCC_ClearITPendingBit                    0x080029f3   Thumb Code     6  stm32f10x_rcc.o(.text)
    USART_DeInit                             0x08002a1d   Thumb Code   134  stm32f10x_usart.o(.text)
    USART_Init                               0x08002aa3   Thumb Code   210  stm32f10x_usart.o(.text)
    USART_StructInit                         0x08002b75   Thumb Code    24  stm32f10x_usart.o(.text)
    USART_ClockInit                          0x08002b8d   Thumb Code    34  stm32f10x_usart.o(.text)
    USART_ClockStructInit                    0x08002baf   Thumb Code    12  stm32f10x_usart.o(.text)
    USART_Cmd                                0x08002bbb   Thumb Code    24  stm32f10x_usart.o(.text)
    USART_ITConfig                           0x08002bd3   Thumb Code    74  stm32f10x_usart.o(.text)
    USART_DMACmd                             0x08002c1d   Thumb Code    18  stm32f10x_usart.o(.text)
    USART_SetAddress                         0x08002c2f   Thumb Code    18  stm32f10x_usart.o(.text)
    USART_WakeUpConfig                       0x08002c41   Thumb Code    18  stm32f10x_usart.o(.text)
    USART_ReceiverWakeUpCmd                  0x08002c53   Thumb Code    24  stm32f10x_usart.o(.text)
    USART_LINBreakDetectLengthConfig         0x08002c6b   Thumb Code    18  stm32f10x_usart.o(.text)
    USART_LINCmd                             0x08002c7d   Thumb Code    24  stm32f10x_usart.o(.text)
    USART_SendData                           0x08002c95   Thumb Code     8  stm32f10x_usart.o(.text)
    USART_ReceiveData                        0x08002c9d   Thumb Code    10  stm32f10x_usart.o(.text)
    USART_SendBreak                          0x08002ca7   Thumb Code    10  stm32f10x_usart.o(.text)
    USART_SetGuardTime                       0x08002cb1   Thumb Code    16  stm32f10x_usart.o(.text)
    USART_SetPrescaler                       0x08002cc1   Thumb Code    16  stm32f10x_usart.o(.text)
    USART_SmartCardCmd                       0x08002cd1   Thumb Code    24  stm32f10x_usart.o(.text)
    USART_SmartCardNACKCmd                   0x08002ce9   Thumb Code    24  stm32f10x_usart.o(.text)
    USART_HalfDuplexCmd                      0x08002d01   Thumb Code    24  stm32f10x_usart.o(.text)
    USART_OverSampling8Cmd                   0x08002d19   Thumb Code    22  stm32f10x_usart.o(.text)
    USART_OneBitMethodCmd                    0x08002d2f   Thumb Code    24  stm32f10x_usart.o(.text)
    USART_IrDAConfig                         0x08002d47   Thumb Code    18  stm32f10x_usart.o(.text)
    USART_IrDACmd                            0x08002d59   Thumb Code    24  stm32f10x_usart.o(.text)
    USART_GetFlagStatus                      0x08002d71   Thumb Code    26  stm32f10x_usart.o(.text)
    USART_ClearFlag                          0x08002d8b   Thumb Code    18  stm32f10x_usart.o(.text)
    USART_GetITStatus                        0x08002d9d   Thumb Code    84  stm32f10x_usart.o(.text)
    USART_ClearITPendingBit                  0x08002df1   Thumb Code    52  stm32f10x_usart.o(.text)
    __use_two_region_memory                  0x08002e25   Thumb Code     2  heapauxi.o(.text)
    __rt_heap_escrow$2region                 0x08002e27   Thumb Code     2  heapauxi.o(.text)
    __rt_heap_expand$2region                 0x08002e29   Thumb Code     2  heapauxi.o(.text)
    __user_setup_stackheap                   0x08002e2b   Thumb Code    74  sys_stackheap_outer.o(.text)
    exit                                     0x08002e75   Thumb Code    12  exit.o(.text)
    __user_libspace                          0x08002e81   Thumb Code     8  libspace.o(.text)
    __user_perproc_libspace                  0x08002e81   Thumb Code     0  libspace.o(.text)
    __user_perthread_libspace                0x08002e81   Thumb Code     0  libspace.o(.text)
    _sys_exit                                0x08002e89   Thumb Code     8  sys_exit.o(.text)
    __I$use$semihosting                      0x08002e95   Thumb Code     0  use_no_semi.o(.text)
    __use_no_semihosting_swi                 0x08002e95   Thumb Code     2  use_no_semi.o(.text)
    __semihosting_library_function           0x08002e97   Thumb Code     0  indicate_semi.o(.text)
    __aeabi_ddiv                             0x08002e99   Thumb Code     0  ddiv.o(x$fpl$ddiv)
    _ddiv                                    0x08002e99   Thumb Code   552  ddiv.o(x$fpl$ddiv)
    __aeabi_d2iz                             0x08003149   Thumb Code     0  dfix.o(x$fpl$dfix)
    _dfix                                    0x08003149   Thumb Code    94  dfix.o(x$fpl$dfix)
    __aeabi_ui2d                             0x080031a7   Thumb Code     0  dflt_clz.o(x$fpl$dfltu)
    _dfltu                                   0x080031a7   Thumb Code    38  dflt_clz.o(x$fpl$dfltu)
    __fpl_dnaninf                            0x080031cd   Thumb Code   156  dnaninf.o(x$fpl$dnaninf)
    __fpl_dretinf                            0x08003269   Thumb Code    12  dretinf.o(x$fpl$dretinf)
    __I$use$fp                               0x08003274   Number         0  usenofp.o(x$fpl$usenofp)
    Region$$Table$$Base                      0x080032bc   Number         0  anon$$obj.o(Region$$Table)
    Region$$Table$$Limit                     0x080032dc   Number         0  anon$$obj.o(Region$$Table)
    crc_result                               0x20000000   Data           2  main.o(.data)
    g_qianwei                                0x20000002   Data           1  main.o(.data)
    g_baiwei                                 0x20000003   Data           1  main.o(.data)
    g_shiwei                                 0x20000004   Data           1  main.o(.data)
    g_gewei                                  0x20000005   Data           1  main.o(.data)
    g_crc_sum                                0x20000008   Data           4  main.o(.data)
    g_crc_value                              0x2000000c   Data           4  main.o(.data)
    g_crc_conut                              0x20000010   Data           4  main.o(.data)
    g_ad_value                               0x20000014   Data           4  main.o(.data)
    SystemCoreClock                          0x20000018   Data           4  system_stm32f10x.o(.data)
    AHBPrescTable                            0x2000001c   Data          16  system_stm32f10x.o(.data)
    g_uart3_irq                              0x2000002c   Data           4  comman.o(.data)
    wind_direction_cmd                       0x20000030   Data           8  comman.o(.data)
    wind_speed_cmd                           0x20000038   Data           8  comman.o(.data)
    box_cmd                                  0x20000040   Data           8  comman.o(.data)
    led_init_cmd                             0x20000048   Data          30  comman.o(.data)
    gate_init_cmd                            0x20000066   Data          10  comman.o(.data)
    led_PM25_PM10_cmd                        0x20000070   Data         100  comman.o(.data)
    led_temp_humidity_cmd                    0x200000d4   Data         100  comman.o(.data)
    led_speed_direction_cmd                  0x20000138   Data         100  comman.o(.data)
    led_noise_atmosphere_cmd                 0x2000019c   Data         100  comman.o(.data)
    led_jingdu_weidu_cmd                     0x20000200   Data         100  comman.o(.data)
    led_crc                                  0x20000264   Data           3  comman.o(.data)
    tabel_CRC16                              0x20000268   Data         512  comman.o(.data)
    data                                     0x20000468   Data           1  myiic.o(.data)
    weidu_counter                            0x2000046c   Data           1  gps.o(.data)
    jingdu_counter                           0x2000046d   Data           1  gps.o(.data)
    haiba_counter                            0x2000046e   Data           1  gps.o(.data)
    shijian_counter                          0x2000046f   Data           1  gps.o(.data)
    ggaString                                0x20000470   Data           4  gps.o(.data)
    g_wind_direction                         0x20000480   Data           4  sensor.o(.data)
    g_wind_speed                             0x20000484   Data           4  sensor.o(.data)
    g_box_temp                               0x20000488   Data           4  sensor.o(.data)
    g_box_humidity                           0x2000048c   Data           4  sensor.o(.data)
    g_box_noise                              0x20000490   Data           4  sensor.o(.data)
    g_box_pm25                               0x20000494   Data           4  sensor.o(.data)
    g_box_pm10                               0x20000498   Data           4  sensor.o(.data)
    g_box_atmosphere                         0x2000049c   Data           4  sensor.o(.data)
    USART3_RX_CNT                            0x200004a0   Data           1  sensor.o(.data)
    compass_data                             0x200004bc   Data         255  myiic.o(.bss)
    weidu                                    0x200005bb   Data          20  gps.o(.bss)
    jingdu                                   0x200005cf   Data          20  gps.o(.bss)
    haiba                                    0x200005e3   Data          20  gps.o(.bss)
    shijian                                  0x200005f7   Data          20  gps.o(.bss)
    USART3_RX_BUF                            0x200006d3   Data          30  sensor.o(.bss)
    __libspace_start                         0x200006f4   Data          96  libspace.o(.bss)
    __temporary_stack_top$libspace           0x20000754   Data           0  libspace.o(.bss)



==============================================================================

Memory Map of the image

  Image Entry point : 0x08000131

  Load Region LR_IROM1 (Base: 0x08000000, Size: 0x00003798, Max: 0x00080000, ABSOLUTE, COMPRESSED[0x0000361c])

    Execution Region ER_IROM1 (Base: 0x08000000, Size: 0x000032dc, Max: 0x00080000, ABSOLUTE)

    Base Addr    Size         Type   Attr      Idx    E Section Name        Object

    0x08000000   0x00000130   Data   RO          350    RESET               startup_stm32f10x_hd.o
    0x08000130   0x00000008   Code   RO          679  * !!!main             c_w.l(__main.o)
    0x08000138   0x00000034   Code   RO          856    !!!scatter          c_w.l(__scatter.o)
    0x0800016c   0x0000005a   Code   RO          854    !!dczerorl2         c_w.l(__dczerorl2.o)
    0x080001c6   0x00000002   PAD
    0x080001c8   0x0000001c   Code   RO          858    !!handler_zi        c_w.l(__scatter_zi.o)
    0x080001e4   0x00000002   Code   RO          725    .ARM.Collect$$libinit$$00000000  c_w.l(libinit.o)
    0x080001e6   0x00000000   Code   RO          732    .ARM.Collect$$libinit$$00000002  c_w.l(libinit2.o)
    0x080001e6   0x00000000   Code   RO          734    .ARM.Collect$$libinit$$00000004  c_w.l(libinit2.o)
    0x080001e6   0x00000000   Code   RO          737    .ARM.Collect$$libinit$$0000000A  c_w.l(libinit2.o)
    0x080001e6   0x00000000   Code   RO          739    .ARM.Collect$$libinit$$0000000C  c_w.l(libinit2.o)
    0x080001e6   0x00000000   Code   RO          741    .ARM.Collect$$libinit$$0000000E  c_w.l(libinit2.o)
    0x080001e6   0x00000000   Code   RO          744    .ARM.Collect$$libinit$$00000011  c_w.l(libinit2.o)
    0x080001e6   0x00000000   Code   RO          746    .ARM.Collect$$libinit$$00000013  c_w.l(libinit2.o)
    0x080001e6   0x00000000   Code   RO          748    .ARM.Collect$$libinit$$00000015  c_w.l(libinit2.o)
    0x080001e6   0x00000000   Code   RO          750    .ARM.Collect$$libinit$$00000017  c_w.l(libinit2.o)
    0x080001e6   0x00000000   Code   RO          752    .ARM.Collect$$libinit$$00000019  c_w.l(libinit2.o)
    0x080001e6   0x00000000   Code   RO          754    .ARM.Collect$$libinit$$0000001B  c_w.l(libinit2.o)
    0x080001e6   0x00000000   Code   RO          756    .ARM.Collect$$libinit$$0000001D  c_w.l(libinit2.o)
    0x080001e6   0x00000000   Code   RO          758    .ARM.Collect$$libinit$$0000001F  c_w.l(libinit2.o)
    0x080001e6   0x00000000   Code   RO          760    .ARM.Collect$$libinit$$00000021  c_w.l(libinit2.o)
    0x080001e6   0x00000000   Code   RO          762    .ARM.Collect$$libinit$$00000023  c_w.l(libinit2.o)
    0x080001e6   0x00000000   Code   RO          764    .ARM.Collect$$libinit$$00000025  c_w.l(libinit2.o)
    0x080001e6   0x00000000   Code   RO          768    .ARM.Collect$$libinit$$0000002C  c_w.l(libinit2.o)
    0x080001e6   0x00000000   Code   RO          770    .ARM.Collect$$libinit$$0000002E  c_w.l(libinit2.o)
    0x080001e6   0x00000000   Code   RO          772    .ARM.Collect$$libinit$$00000030  c_w.l(libinit2.o)
    0x080001e6   0x00000000   Code   RO          774    .ARM.Collect$$libinit$$00000032  c_w.l(libinit2.o)
    0x080001e6   0x00000002   Code   RO          775    .ARM.Collect$$libinit$$00000033  c_w.l(libinit2.o)
    0x080001e8   0x00000002   Code   RO          795    .ARM.Collect$$libshutdown$$00000000  c_w.l(libshutdown.o)
    0x080001ea   0x00000000   Code   RO          809    .ARM.Collect$$libshutdown$$00000003  c_w.l(libshutdown2.o)
    0x080001ea   0x00000000   Code   RO          812    .ARM.Collect$$libshutdown$$00000006  c_w.l(libshutdown2.o)
    0x080001ea   0x00000000   Code   RO          815    .ARM.Collect$$libshutdown$$00000009  c_w.l(libshutdown2.o)
    0x080001ea   0x00000000   Code   RO          817    .ARM.Collect$$libshutdown$$0000000B  c_w.l(libshutdown2.o)
    0x080001ea   0x00000000   Code   RO          820    .ARM.Collect$$libshutdown$$0000000E  c_w.l(libshutdown2.o)
    0x080001ea   0x00000002   Code   RO          821    .ARM.Collect$$libshutdown$$0000000F  c_w.l(libshutdown2.o)
    0x080001ec   0x00000000   Code   RO          695    .ARM.Collect$$rtentry$$00000000  c_w.l(__rtentry.o)
    0x080001ec   0x00000000   Code   RO          702    .ARM.Collect$$rtentry$$00000002  c_w.l(__rtentry2.o)
    0x080001ec   0x00000006   Code   RO          714    .ARM.Collect$$rtentry$$00000004  c_w.l(__rtentry4.o)
    0x080001f2   0x00000000   Code   RO          704    .ARM.Collect$$rtentry$$00000009  c_w.l(__rtentry2.o)
    0x080001f2   0x00000004   Code   RO          705    .ARM.Collect$$rtentry$$0000000A  c_w.l(__rtentry2.o)
    0x080001f6   0x00000000   Code   RO          707    .ARM.Collect$$rtentry$$0000000C  c_w.l(__rtentry2.o)
    0x080001f6   0x00000008   Code   RO          708    .ARM.Collect$$rtentry$$0000000D  c_w.l(__rtentry2.o)
    0x080001fe   0x00000002   Code   RO          729    .ARM.Collect$$rtexit$$00000000  c_w.l(rtexit.o)
    0x08000200   0x00000000   Code   RO          777    .ARM.Collect$$rtexit$$00000002  c_w.l(rtexit2.o)
    0x08000200   0x00000004   Code   RO          778    .ARM.Collect$$rtexit$$00000003  c_w.l(rtexit2.o)
    0x08000204   0x00000006   Code   RO          779    .ARM.Collect$$rtexit$$00000004  c_w.l(rtexit2.o)
    0x0800020a   0x00000002   PAD
    0x0800020c   0x000005e8   Code   RO            1    .text               main.o
    0x080007f4   0x0000001a   Code   RO           98    .text               stm32f10x_it.o
    0x0800080e   0x00000002   PAD
    0x08000810   0x000001e0   Code   RO          134    .text               system_stm32f10x.o
    0x080009f0   0x0000021c   Code   RO          152    .text               comman.o
    0x08000c0c   0x000002d0   Code   RO          210    .text               myiic.o
    0x08000edc   0x0000031c   Code   RO          226    .text               gps.o
    0x080011f8   0x000001b4   Code   RO          250    .text               display.o
    0x080013ac   0x000002b0   Code   RO          262    .text               sensor.o
    0x0800165c   0x0000011c   Code   RO          281    .text               gateway.o
    0x08001778   0x00000114   Code   RO          293    .text               battery.o
    0x0800188c   0x000000d4   Code   RO          308    .text               delay.o
    0x08001960   0x0000000c   Code   RO          322    .text               sys.o
    0x0800196c   0x00000040   Code   RO          351    .text               startup_stm32f10x_hd.o
    0x080019ac   0x000000dc   Code   RO          355    .text               misc.o
    0x08001a88   0x0000044e   Code   RO          367    .text               stm32f10x_adc.o
    0x08001ed6   0x00000002   PAD
    0x08001ed8   0x0000035c   Code   RO          523    .text               stm32f10x_gpio.o
    0x08002234   0x00000404   Code   RO          535    .text               stm32f10x_i2c.o
    0x08002638   0x00000040   Code   RO          547    .text               stm32f10x_iwdg.o
    0x08002678   0x000003a4   Code   RO          574    .text               stm32f10x_rcc.o
    0x08002a1c   0x00000408   Code   RO          648    .text               stm32f10x_usart.o
    0x08002e24   0x00000006   Code   RO          677    .text               c_w.l(heapauxi.o)
    0x08002e2a   0x0000004a   Code   RO          716    .text               c_w.l(sys_stackheap_outer.o)
    0x08002e74   0x0000000c   Code   RO          718    .text               c_w.l(exit.o)
    0x08002e80   0x00000008   Code   RO          726    .text               c_w.l(libspace.o)
    0x08002e88   0x0000000c   Code   RO          787    .text               c_w.l(sys_exit.o)
    0x08002e94   0x00000002   Code   RO          798    .text               c_w.l(use_no_semi.o)
    0x08002e96   0x00000000   Code   RO          800    .text               c_w.l(indicate_semi.o)
    0x08002e96   0x00000002   PAD
    0x08002e98   0x000002b0   Code   RO          682    x$fpl$ddiv          fz_ws.l(ddiv.o)
    0x08003148   0x0000005e   Code   RO          685    x$fpl$dfix          fz_ws.l(dfix.o)
    0x080031a6   0x00000026   Code   RO          689    x$fpl$dfltu         fz_ws.l(dflt_clz.o)
    0x080031cc   0x0000009c   Code   RO          696    x$fpl$dnaninf       fz_ws.l(dnaninf.o)
    0x08003268   0x0000000c   Code   RO          698    x$fpl$dretinf       fz_ws.l(dretinf.o)
    0x08003274   0x00000000   Code   RO          700    x$fpl$usenofp       fz_ws.l(usenofp.o)
    0x08003274   0x00000046   Data   RO          228    .conststring        gps.o
    0x080032ba   0x00000002   PAD
    0x080032bc   0x00000020   Data   RO          852    Region$$Table       anon$$obj.o


    Execution Region RW_IRAM1 (Base: 0x20000000, Size: 0x00000d58, Max: 0x00010000, ABSOLUTE, COMPRESSED[0x00000340])

    Base Addr    Size         Type   Attr      Idx    E Section Name        Object

    0x20000000   0x00000018   Data   RW            2    .data               main.o
    0x20000018   0x00000014   Data   RW          135    .data               system_stm32f10x.o
    0x2000002c   0x0000043c   Data   RW          154    .data               comman.o
    0x20000468   0x00000001   Data   RW          212    .data               myiic.o
    0x20000469   0x00000003   PAD
    0x2000046c   0x00000014   Data   RW          229    .data               gps.o
    0x20000480   0x00000021   Data   RW          264    .data               sensor.o
    0x200004a1   0x00000001   PAD
    0x200004a2   0x00000004   Data   RW          309    .data               delay.o
    0x200004a6   0x00000014   Data   RW          575    .data               stm32f10x_rcc.o
    0x200004ba   0x00000002   PAD
    0x200004bc   0x000000ff   Zero   RW          211    .bss                myiic.o
    0x200005bb   0x00000118   Zero   RW          227    .bss                gps.o
    0x200006d3   0x0000001e   Zero   RW          263    .bss                sensor.o
    0x200006f1   0x00000003   PAD
    0x200006f4   0x00000060   Zero   RW          727    .bss                c_w.l(libspace.o)
    0x20000754   0x00000004   PAD
    0x20000758   0x00000200   Zero   RW          349    HEAP                startup_stm32f10x_hd.o
    0x20000958   0x00000400   Zero   RW          348    STACK               startup_stm32f10x_hd.o


==============================================================================

Image component sizes


      Code (inc. data)   RO Data    RW Data    ZI Data      Debug   Object Name

       276         14          0          0          0       9880   battery.o
       540          6          0       1084          0       3233   comman.o
         0          0          0          0          0         32   core_cm3.o
       212         18          0          4          0        975   delay.o
       436          8          0          0          0       1906   display.o
       284         10          0          0          0       1387   gateway.o
       796         94         70         20        280       3684   gps.o
      1512        152          0         24          0     242732   main.o
       220         22          0          0          0       1761   misc.o
       720         70          0          1        255       2093   myiic.o
       688         54          0         33         30       2613   sensor.o
        64         26        304          0       1536        780   startup_stm32f10x_hd.o
      1102         26          0          0          0      10793   stm32f10x_adc.o
       860         38          0          0          0       5605   stm32f10x_gpio.o
      1028         16          0          0          0       9063   stm32f10x_i2c.o
        26          0          0          0          0       1158   stm32f10x_it.o
        64          6          0          0          0       1245   stm32f10x_iwdg.o
       932         36          0         20          0       8752   stm32f10x_rcc.o
      1032         22          0          0          0       8328   stm32f10x_usart.o
        12          0          0          0          0        429   sys.o
       480         38          0         20          0       1679   system_stm32f10x.o

    ----------------------------------------------------------------------
     11288        656        408       1212       2104     318128   Object Totals
         0          0         32          0          0          0   (incl. Generated)
         4          0          2          6          3          0   (incl. Padding)

    ----------------------------------------------------------------------

      Code (inc. data)   RO Data    RW Data    ZI Data      Debug   Library Member Name

        90          0          0          0          0          0   __dczerorl2.o
         8          0          0          0          0         68   __main.o
         0          0          0          0          0          0   __rtentry.o
        12          0          0          0          0          0   __rtentry2.o
         6          0          0          0          0          0   __rtentry4.o
        52          8          0          0          0          0   __scatter.o
        28          0          0          0          0          0   __scatter_zi.o
        12          0          0          0          0         72   exit.o
         6          0          0          0          0        152   heapauxi.o
         0          0          0          0          0          0   indicate_semi.o
         2          0          0          0          0          0   libinit.o
         2          0          0          0          0          0   libinit2.o
         2          0          0          0          0          0   libshutdown.o
         2          0          0          0          0          0   libshutdown2.o
         8          4          0          0         96         68   libspace.o
         2          0          0          0          0          0   rtexit.o
        10          0          0          0          0          0   rtexit2.o
        12          4          0          0          0         68   sys_exit.o
        74          0          0          0          0         80   sys_stackheap_outer.o
         2          0          0          0          0         68   use_no_semi.o
       688        140          0          0          0        208   ddiv.o
        94          4          0          0          0         92   dfix.o
        38          0          0          0          0         68   dflt_clz.o
       156          4          0          0          0         92   dnaninf.o
        12          0          0          0          0         68   dretinf.o
         0          0          0          0          0          0   usenofp.o

    ----------------------------------------------------------------------
      1324        164          0          0        100       1104   Library Totals
         6          0          0          0          4          0   (incl. Padding)

    ----------------------------------------------------------------------

      Code (inc. data)   RO Data    RW Data    ZI Data      Debug   Library Name

       330         16          0          0         96        576   c_w.l
       988        148          0          0          0        528   fz_ws.l

    ----------------------------------------------------------------------
      1324        164          0          0        100       1104   Library Totals

    ----------------------------------------------------------------------

==============================================================================


      Code (inc. data)   RO Data    RW Data    ZI Data      Debug   

     12612        820        408       1212       2204     317356   Grand Totals
     12612        820        408        832       2204     317356   ELF Image Totals (compressed)
     12612        820        408        832          0          0   ROM Totals

==============================================================================

    Total RO  Size (Code + RO Data)                13020 (  12.71kB)
    Total RW  Size (RW Data + ZI Data)              3416 (   3.34kB)
    Total ROM Size (Code + RO Data + RW Data)      13852 (  13.53kB)

==============================================================================

